[18:38:03] [Datafixer Bootstrap/INFO]: 287 Datafixer optimizations took 1644 milliseconds
[18:38:12] [Render thread/INFO]: Environment: Environment[sessionHost=https://sessionserver.mojang.com, servicesHost=https://api.minecraftservices.com, profilesHost=https://api.mojang.com, name=PROD]
[18:38:12] [Thread-6/INFO]: [STDERR]: java.lang.NoSuchMethodError: getWindow
[18:38:12] [Render thread/INFO]: Setting user: Ifuto_mitai
[18:38:12] [Thread-9/INFO]: [STDERR]: java.lang.NoSuchMethodError: getWindow
[18:38:12] [Thread-10/INFO]: [STDERR]: java.lang.NoSuchMethodError: getWindow
[18:38:12] [Thread-11/INFO]: [STDERR]: java.lang.NoSuchMethodError: getWindow
[18:38:12] [Render thread/INFO]: Backend library: LWJGL version 3.3.3+5
[18:38:12] [Thread-12/INFO]: [STDERR]: java.lang.NoSuchMethodError: getWindow
[18:38:12] [Thread-13/INFO]: [STDERR]: java.lang.NoSuchMethodError: getWindow
[18:38:12] [Thread-14/INFO]: [STDERR]: java.lang.NoSuchMethodError: getWindow
[18:38:12] [Thread-15/INFO]: [STDERR]: java.lang.NoSuchMethodError: getWindow
[18:38:13] [Render thread/INFO]: Using optional rendering extensions: GL_ARB_buffer_storage, GL_KHR_debug, GL_ARB_vertex_attrib_binding, GL_ARB_direct_state_access, GL_EXT_texture_filter_anisotropic
[18:38:14] [Render thread/INFO]: Reloading ResourceManager: vanilla
[18:38:15] [Worker-Main-2/INFO]: Found unifont_all_no_pua-17.0.01.hex, loading
[18:38:15] [Worker-Main-5/INFO]: Found unifont_pua-17.0.01.hex, loading
[18:38:15] [Worker-Main-4/INFO]: Found unifont_jp_patch-17.0.01.hex, loading
[18:38:16] [Thread-16/INFO]: [STDERR]: java.lang.NoSuchMethodError: getWindow
[18:38:16] [Thread-19/INFO]: [STDERR]: java.lang.NoSuchMethodError: getWindow
[18:38:16] [Thread-20/INFO]: [STDERR]: java.lang.NoSuchMethodError: getWindow
[18:38:16] [Thread-21/INFO]: [STDERR]: java.lang.NoSuchMethodError: getWindow
[18:38:16] [Thread-22/INFO]: [STDERR]: java.lang.NoSuchMethodError: getWindow
[18:38:16] [Thread-23/INFO]: [STDERR]: java.lang.NoSuchMethodError: getWindow
[18:38:16] [Thread-24/INFO]: [STDERR]: java.lang.NoSuchMethodError: getWindow
[18:38:16] [Thread-25/INFO]: [STDERR]: java.lang.NoSuchMethodError: getWindow
[18:38:16] [Thread-26/INFO]: [STDERR]: java.lang.NoSuchMethodError: getWindow
[18:38:16] [Thread-27/INFO]: [STDERR]: java.lang.NoSuchMethodError: getWindow
[18:38:16] [Thread-28/INFO]: [STDERR]: java.lang.NoSuchMethodError: getWindow
[18:38:16] [Thread-29/INFO]: [STDERR]: java.lang.NoSuchMethodError: getWindow
[18:38:17] [Thread-30/INFO]: [STDERR]: java.lang.NoSuchMethodError: getWindow
[18:38:17] [Thread-31/INFO]: [STDERR]: java.lang.NoSuchMethodError: getWindow
[18:38:17] [Thread-32/INFO]: [STDERR]: java.lang.NoSuchMethodError: getWindow
[18:38:17] [Thread-33/INFO]: [STDERR]: java.lang.NoSuchMethodError: getWindow
[18:38:17] [Thread-34/INFO]: [STDERR]: java.lang.NoSuchMethodError: getWindow
[18:38:17] [Thread-35/INFO]: [STDERR]: java.lang.NoSuchMethodError: getWindow
[18:38:17] [Thread-36/INFO]: [STDERR]: java.lang.NoSuchMethodError: getWindow
[18:38:17] [Thread-37/INFO]: [STDERR]: java.lang.NoSuchMethodError: getWindow
[18:38:17] [Thread-38/INFO]: [STDERR]: java.lang.NoSuchMethodError: getWindow
[18:38:17] [Thread-39/INFO]: [STDERR]: java.lang.NoSuchMethodError: getWindow
[18:38:17] [Thread-40/INFO]: [STDERR]: java.lang.NoSuchMethodError: getWindow
[18:38:17] [Thread-41/INFO]: [STDERR]: java.lang.NoSuchMethodError: getWindow
[18:38:18] [Thread-42/INFO]: [STDERR]: java.lang.NoSuchMethodError: getWindow
[18:38:18] [Thread-43/INFO]: [STDERR]: java.lang.NoSuchMethodError: getWindow
[18:38:18] [Thread-44/INFO]: [STDERR]: java.lang.NoSuchMethodError: getWindow
[18:38:18] [Thread-45/INFO]: [STDERR]: java.lang.NoSuchMethodError: getWindow
[18:38:18] [Thread-46/INFO]: [STDERR]: java.lang.NoSuchMethodError: getWindow
[18:38:18] [Thread-47/INFO]: [STDERR]: java.lang.NoSuchMethodError: getWindow
[18:38:18] [Thread-48/INFO]: [STDERR]: java.lang.NoSuchMethodError: getWindow
[18:38:18] [Thread-49/INFO]: [STDERR]: java.lang.NoSuchMethodError: getWindow
[18:38:18] [Thread-50/INFO]: [STDERR]: java.lang.NoSuchMethodError: getWindow
[18:38:18] [Thread-51/INFO]: [STDERR]: java.lang.NoSuchMethodError: getWindow
[18:38:18] [Thread-52/INFO]: [STDERR]: java.lang.NoSuchMethodError: getWindow
[18:38:18] [Thread-53/INFO]: [STDERR]: java.lang.NoSuchMethodError: getWindow
[18:38:18] [Thread-54/INFO]: [STDERR]: java.lang.NoSuchMethodError: getWindow
[18:38:18] [Thread-55/INFO]: [STDERR]: java.lang.NoSuchMethodError: getWindow
[18:38:18] [Thread-56/INFO]: [STDERR]: java.lang.NoSuchMethodError: getWindow
[18:38:18] [Thread-57/INFO]: [STDERR]: java.lang.NoSuchMethodError: getWindow
[18:38:19] [Thread-58/INFO]: [STDERR]: java.lang.NoSuchMethodError: getWindow
[18:38:19] [Thread-59/INFO]: [STDERR]: java.lang.NoSuchMethodError: getWindow
[18:38:19] [Thread-60/INFO]: [STDERR]: java.lang.NoSuchMethodError: getWindow
[18:38:19] [Thread-61/INFO]: [STDERR]: java.lang.NoSuchMethodError: getWindow
[18:38:19] [Render thread/INFO]: OpenAL initialized on device OpenAL Soft on スピーカー (JBL Quantum Stream)
[18:38:19] [Render thread/INFO]: Sound engine started
[18:38:19] [Render thread/INFO]: Created: 512x256x0 minecraft:textures/atlas/particles.png-atlas
[18:38:19] [Render thread/INFO]: Created: 128x128x0 minecraft:textures/atlas/decorated_pot.png-atlas
[18:38:19] [Render thread/INFO]: Created: 2048x1024x0 minecraft:textures/atlas/armor_trims.png-atlas
[18:38:19] [Thread-62/INFO]: [STDERR]: java.lang.NoSuchMethodError: getWindow
[18:38:19] [Thread-63/INFO]: [STDERR]: java.lang.NoSuchMethodError: getWindow
[18:38:19] [Thread-64/INFO]: [STDERR]: java.lang.NoSuchMethodError: getWindow
[18:38:19] [Thread-65/INFO]: [STDERR]: java.lang.NoSuchMethodError: getWindow
[18:38:19] [Render thread/INFO]: Created: 512x256x0 minecraft:textures/atlas/paintings.png-atlas
[18:38:19] [Render thread/INFO]: Created: 1024x512x0 minecraft:textures/atlas/shield_patterns.png-atlas
[18:38:19] [Render thread/INFO]: Created: 2048x2048x4 minecraft:textures/atlas/blocks.png-atlas
[18:38:19] [Thread-66/INFO]: [STDERR]: java.lang.NoSuchMethodError: getWindow
[18:38:19] [Thread-67/INFO]: [STDERR]: java.lang.NoSuchMethodError: getWindow
[18:38:19] [Thread-68/INFO]: [STDERR]: java.lang.NoSuchMethodError: getWindow
[18:38:19] [Thread-69/INFO]: [STDERR]: java.lang.NoSuchMethodError: getWindow
[18:38:20] [Thread-70/INFO]: [STDERR]: java.lang.NoSuchMethodError: getWindow
[18:38:20] [Thread-71/INFO]: [STDERR]: java.lang.NoSuchMethodError: getWindow
[18:38:20] [Thread-72/INFO]: [STDERR]: java.lang.NoSuchMethodError: getWindow
[18:38:20] [Thread-73/INFO]: [STDERR]: java.lang.NoSuchMethodError: getWindow
[18:38:20] [Render thread/INFO]: Created: 512x512x0 minecraft:textures/atlas/chest.png-atlas
[18:38:20] [Render thread/INFO]: Created: 256x128x0 minecraft:textures/atlas/celestials.png-atlas
[18:38:20] [Render thread/INFO]: Created: 1024x512x0 minecraft:textures/atlas/banner_patterns.png-atlas
[18:38:20] [Render thread/INFO]: Created: 512x512x0 minecraft:textures/atlas/beds.png-atlas
[18:38:20] [Render thread/INFO]: Created: 1024x512x0 minecraft:textures/atlas/items.png-atlas
[18:38:20] [Thread-74/INFO]: [STDERR]: java.lang.NoSuchMethodError: getWindow
[18:38:20] [Thread-75/INFO]: [STDERR]: java.lang.NoSuchMethodError: getWindow
[18:38:20] [Thread-76/INFO]: [STDERR]: java.lang.NoSuchMethodError: getWindow
[18:38:20] [Render thread/INFO]: Created: 1024x1024x0 minecraft:textures/atlas/gui.png-atlas
[18:38:20] [Thread-77/INFO]: [STDERR]: java.lang.NoSuchMethodError: getWindow
[18:38:20] [Render thread/INFO]: Created: 128x64x0 minecraft:textures/atlas/map_decorations.png-atlas
[18:38:20] [Render thread/INFO]: Created: 512x256x0 minecraft:textures/atlas/signs.png-atlas
[18:38:20] [Render thread/INFO]: Created: 512x512x0 minecraft:textures/atlas/shulker_boxes.png-atlas
[18:38:20] [Thread-78/INFO]: [STDERR]: java.lang.NoSuchMethodError: getWindow
[18:38:20] [Thread-79/INFO]: [STDERR]: java.lang.NoSuchMethodError: getWindow
[18:38:20] [Thread-80/INFO]: [STDERR]: java.lang.NoSuchMethodError: getWindow
[18:38:20] [Thread-81/INFO]: [STDERR]: java.lang.NoSuchMethodError: getWindow
[18:38:21] [Thread-82/INFO]: [STDERR]: java.lang.NoSuchMethodError: getWindow
[18:38:21] [Thread-83/INFO]: [STDERR]: java.lang.NoSuchMethodError: getWindow
[18:38:21] [Thread-84/INFO]: [STDERR]: java.lang.NoSuchMethodError: getWindow
[18:38:21] [Thread-85/INFO]: [STDERR]: java.lang.NoSuchMethodError: getWindow
[18:38:21] [Thread-86/INFO]: [STDERR]: java.lang.NoSuchMethodError: getWindow
[18:38:21] [Thread-87/INFO]: [STDERR]: java.lang.NoSuchMethodError: getWindow
[18:38:21] [Thread-88/INFO]: [STDERR]: java.lang.NoSuchMethodError: getWindow
[18:38:21] [Thread-89/INFO]: [STDERR]: java.lang.NoSuchMethodError: getWindow
[18:38:21] [Thread-90/INFO]: [STDERR]: java.lang.NoSuchMethodError: getWindow
[18:38:21] [Thread-91/INFO]: [STDERR]: java.lang.NoSuchMethodError: getWindow
[18:38:21] [Thread-92/INFO]: [STDERR]: java.lang.NoSuchMethodError: getWindow
[18:38:21] [Thread-93/INFO]: [STDERR]: java.lang.NoSuchMethodError: getWindow
[18:38:22] [Thread-94/INFO]: [STDERR]: java.lang.NoSuchMethodError: getWindow
[18:38:22] [Thread-95/INFO]: [STDERR]: java.lang.NoSuchMethodError: getWindow
[18:38:22] [Thread-96/INFO]: [STDERR]: java.lang.NoSuchMethodError: getWindow
[18:38:22] [Thread-97/INFO]: [STDERR]: java.lang.NoSuchMethodError: getWindow
[18:38:22] [Thread-98/INFO]: [STDERR]: java.lang.NoSuchMethodError: getWindow
[18:38:22] [Thread-99/INFO]: [STDERR]: java.lang.NoSuchMethodError: getWindow
[18:38:22] [Thread-100/INFO]: [STDERR]: java.lang.NoSuchMethodError: getWindow
[18:38:22] [Thread-101/INFO]: [STDERR]: java.lang.NoSuchMethodError: getWindow
[18:38:22] [Thread-102/INFO]: [STDERR]: java.lang.NoSuchMethodError: getWindow
[18:38:22] [Thread-103/INFO]: [STDERR]: java.lang.NoSuchMethodError: getWindow
[18:38:22] [Thread-104/INFO]: [STDERR]: java.lang.NoSuchMethodError: getWindow
[18:38:22] [Thread-105/INFO]: [STDERR]: java.lang.NoSuchMethodError: getWindow
[18:38:22] [Thread-106/INFO]: [STDERR]: java.lang.NoSuchMethodError: getWindow
[18:38:22] [Thread-107/INFO]: [STDERR]: java.lang.NoSuchMethodError: getWindow
[18:38:22] [Thread-108/INFO]: [STDERR]: java.lang.NoSuchMethodError: getWindow
[18:38:22] [Thread-109/INFO]: [STDERR]: java.lang.NoSuchMethodError: getWindow
[18:38:23] [Thread-110/INFO]: [STDERR]: java.lang.NoSuchMethodError: getWindow
[18:38:23] [Thread-111/INFO]: [STDERR]: java.lang.NoSuchMethodError: getWindow
[18:38:23] [Thread-112/INFO]: [STDERR]: java.lang.NoSuchMethodError: getWindow
[18:38:23] [Thread-113/INFO]: [STDERR]: java.lang.NoSuchMethodError: getWindow
[18:38:23] [Thread-114/INFO]: [STDERR]: java.lang.NoSuchMethodError: getWindow
[18:38:23] [Thread-115/INFO]: [STDERR]: java.lang.NoSuchMethodError: getWindow
[18:38:23] [Thread-116/INFO]: [STDERR]: java.lang.NoSuchMethodError: getWindow
[18:38:23] [Thread-117/INFO]: [STDERR]: java.lang.NoSuchMethodError: getWindow
[18:38:23] [Thread-118/INFO]: [STDERR]: java.lang.NoSuchMethodError: getWindow
[18:38:23] [Thread-119/INFO]: [STDERR]: java.lang.NoSuchMethodError: getWindow
[18:38:23] [Thread-120/INFO]: [STDERR]: java.lang.NoSuchMethodError: getWindow
[18:38:23] [Thread-121/INFO]: [STDERR]: java.lang.NoSuchMethodError: getWindow
[18:38:24] [Thread-122/INFO]: [STDERR]: java.lang.NoSuchMethodError: getWindow
[18:38:24] [Thread-123/INFO]: [STDERR]: java.lang.NoSuchMethodError: getWindow
[18:38:24] [Thread-124/INFO]: [STDERR]: java.lang.NoSuchMethodError: getWindow
[18:38:24] [Thread-125/INFO]: [STDERR]: java.lang.NoSuchMethodError: getWindow
[18:38:24] [Thread-126/INFO]: [STDERR]: java.lang.NoSuchMethodError: getWindow
[18:38:24] [Thread-127/INFO]: [STDERR]: java.lang.NoSuchMethodError: getWindow
[18:38:24] [Thread-128/INFO]: [STDERR]: java.lang.NoSuchMethodError: getWindow
[18:38:24] [Thread-129/INFO]: [STDERR]: java.lang.NoSuchMethodError: getWindow
[18:38:24] [Thread-130/INFO]: [STDERR]: java.lang.NoSuchMethodError: getWindow
[18:38:24] [Thread-131/INFO]: [STDERR]: java.lang.NoSuchMethodError: getWindow
[18:38:24] [Thread-132/INFO]: [STDERR]: java.lang.NoSuchMethodError: getWindow
[18:38:24] [Thread-133/INFO]: [STDERR]: java.lang.NoSuchMethodError: getWindow
[18:38:25] [Thread-134/INFO]: [STDERR]: java.lang.NoSuchMethodError: getWindow
[18:38:25] [Thread-135/INFO]: [STDERR]: java.lang.NoSuchMethodError: getWindow
[18:38:25] [Thread-136/INFO]: [STDERR]: java.lang.NoSuchMethodError: getWindow
[18:38:25] [Thread-137/INFO]: [STDERR]: java.lang.NoSuchMethodError: getWindow
[18:38:25] [Thread-138/INFO]: [STDERR]: java.lang.NoSuchMethodError: getWindow
[18:38:25] [Thread-139/INFO]: [STDERR]: java.lang.NoSuchMethodError: getWindow
[18:38:25] [Thread-140/INFO]: [STDERR]: java.lang.NoSuchMethodError: getWindow
[18:38:25] [Thread-141/INFO]: [STDERR]: java.lang.NoSuchMethodError: getWindow
[18:38:25] [Thread-142/INFO]: [STDERR]: java.lang.NoSuchMethodError: getWindow
[18:38:25] [Thread-143/INFO]: [STDERR]: java.lang.NoSuchMethodError: getWindow
[18:38:25] [Thread-144/INFO]: [STDERR]: java.lang.NoSuchMethodError: getWindow
[18:38:25] [Thread-145/INFO]: [STDERR]: java.lang.NoSuchMethodError: getWindow
[18:38:26] [Thread-146/INFO]: [STDERR]: java.lang.NoSuchMethodError: getWindow
[18:38:26] [Thread-147/INFO]: [STDERR]: java.lang.NoSuchMethodError: getWindow
[18:38:26] [Thread-148/INFO]: [STDERR]: java.lang.NoSuchMethodError: getWindow
[18:38:26] [Thread-149/INFO]: [STDERR]: java.lang.NoSuchMethodError: getWindow
[18:38:26] [Thread-150/INFO]: [STDERR]: java.lang.NoSuchMethodError: getWindow
[18:38:26] [Thread-151/INFO]: [STDERR]: java.lang.NoSuchMethodError: getWindow
[18:38:26] [Thread-152/INFO]: [STDERR]: java.lang.NoSuchMethodError: getWindow
[18:38:26] [Thread-153/INFO]: [STDERR]: java.lang.NoSuchMethodError: getWindow
[18:38:26] [Thread-154/INFO]: [STDERR]: java.lang.NoSuchMethodError: getWindow
[18:38:26] [Thread-155/INFO]: [STDERR]: java.lang.NoSuchMethodError: getWindow
[18:38:26] [Thread-156/INFO]: [STDERR]: java.lang.NoSuchMethodError: getWindow
[18:38:26] [Thread-157/INFO]: [STDERR]: java.lang.NoSuchMethodError: getWindow
[18:38:26] [Thread-158/INFO]: [STDERR]: java.lang.NoSuchMethodError: getWindow
[18:38:26] [Thread-159/INFO]: [STDERR]: java.lang.NoSuchMethodError: getWindow
[18:38:26] [Thread-160/INFO]: [STDERR]: java.lang.NoSuchMethodError: getWindow
[18:38:26] [Thread-161/INFO]: [STDERR]: java.lang.NoSuchMethodError: getWindow
[18:38:27] [Thread-162/INFO]: [STDERR]: java.lang.NoSuchMethodError: getWindow
[18:38:27] [Thread-163/INFO]: [STDERR]: java.lang.NoSuchMethodError: getWindow
[18:38:27] [Thread-164/INFO]: [STDERR]: java.lang.NoSuchMethodError: getWindow
[18:38:27] [Thread-165/INFO]: [STDERR]: java.lang.NoSuchMethodError: getWindow
[18:38:27] [Thread-166/INFO]: [STDERR]: java.lang.NoSuchMethodError: getWindow
[18:38:27] [Thread-167/INFO]: [STDERR]: java.lang.NoSuchMethodError: getWindow
[18:38:27] [Thread-168/INFO]: [STDERR]: java.lang.NoSuchMethodError: getWindow
[18:38:27] [Thread-169/INFO]: [STDERR]: java.lang.NoSuchMethodError: getWindow
[18:38:27] [Thread-170/INFO]: [STDERR]: java.lang.NoSuchMethodError: getWindow
[18:38:27] [Thread-171/INFO]: [STDERR]: java.lang.NoSuchMethodError: getWindow
[18:38:27] [Thread-172/INFO]: [STDERR]: java.lang.NoSuchMethodError: getWindow
[18:38:27] [Thread-173/INFO]: [STDERR]: java.lang.NoSuchMethodError: getWindow
[18:38:28] [Thread-174/INFO]: [STDERR]: java.lang.NoSuchMethodError: getWindow
[18:38:28] [Thread-175/INFO]: [STDERR]: java.lang.NoSuchMethodError: getWindow
[18:38:28] [Thread-176/INFO]: [STDERR]: java.lang.NoSuchMethodError: getWindow
[18:38:28] [Thread-177/INFO]: [STDERR]: java.lang.NoSuchMethodError: getWindow
[18:38:28] [Thread-178/INFO]: [STDERR]: java.lang.NoSuchMethodError: getWindow
[18:38:28] [Thread-179/INFO]: [STDERR]: java.lang.NoSuchMethodError: getWindow
[18:38:28] [Thread-180/INFO]: [STDERR]: java.lang.NoSuchMethodError: getWindow
[18:38:28] [Thread-181/INFO]: [STDERR]: java.lang.NoSuchMethodError: getWindow
[18:38:28] [Thread-182/INFO]: [STDERR]: java.lang.NoSuchMethodError: getWindow
[18:38:28] [Thread-183/INFO]: [STDERR]: java.lang.NoSuchMethodError: getWindow
[18:38:28] [Thread-184/INFO]: [STDERR]: java.lang.NoSuchMethodError: getWindow
[18:38:28] [Thread-185/INFO]: [STDERR]: java.lang.NoSuchMethodError: getWindow
[18:38:29] [Thread-186/INFO]: [STDERR]: java.lang.NoSuchMethodError: getWindow
[18:38:29] [Thread-187/INFO]: [STDERR]: java.lang.NoSuchMethodError: getWindow
[18:38:29] [Thread-188/INFO]: [STDERR]: java.lang.NoSuchMethodError: getWindow
[18:38:29] [Thread-189/INFO]: [STDERR]: java.lang.NoSuchMethodError: getWindow
[18:38:29] [Thread-190/INFO]: [STDERR]: java.lang.NoSuchMethodError: getWindow
[18:38:29] [Thread-191/INFO]: [STDERR]: java.lang.NoSuchMethodError: getWindow
[18:38:29] [Thread-192/INFO]: [STDERR]: java.lang.NoSuchMethodError: getWindow
[18:38:29] [Thread-193/INFO]: [STDERR]: java.lang.NoSuchMethodError: getWindow
[18:38:29] [Thread-194/INFO]: [STDERR]: java.lang.NoSuchMethodError: getWindow
[18:38:29] [Thread-195/INFO]: [STDERR]: java.lang.NoSuchMethodError: getWindow
[18:38:29] [Thread-196/INFO]: [STDERR]: java.lang.NoSuchMethodError: getWindow
[18:38:29] [Thread-197/INFO]: [STDERR]: java.lang.NoSuchMethodError: getWindow
[18:38:30] [Thread-198/INFO]: [STDERR]: java.lang.NoSuchMethodError: getWindow
[18:38:30] [Thread-199/INFO]: [STDERR]: java.lang.NoSuchMethodError: getWindow
[18:38:30] [Thread-200/INFO]: [STDERR]: java.lang.NoSuchMethodError: getWindow
[18:38:30] [Thread-201/INFO]: [STDERR]: java.lang.NoSuchMethodError: getWindow
[18:38:30] [Thread-202/INFO]: [STDERR]: java.lang.NoSuchMethodError: getWindow
[18:38:30] [Thread-203/INFO]: [STDERR]: java.lang.NoSuchMethodError: getWindow
[18:38:30] [Thread-204/INFO]: [STDERR]: java.lang.NoSuchMethodError: getWindow
[18:38:30] [Thread-205/INFO]: [STDERR]: java.lang.NoSuchMethodError: getWindow
[18:38:30] [Thread-206/INFO]: [STDERR]: java.lang.NoSuchMethodError: getWindow
[18:38:30] [Thread-207/INFO]: [STDERR]: java.lang.NoSuchMethodError: getWindow
[18:38:30] [Thread-208/INFO]: [STDERR]: java.lang.NoSuchMethodError: getWindow
[18:38:30] [Thread-209/INFO]: [STDERR]: java.lang.NoSuchMethodError: getWindow
[18:38:30] [Thread-210/INFO]: [STDERR]: java.lang.NoSuchMethodError: getWindow
[18:38:30] [Thread-211/INFO]: [STDERR]: java.lang.NoSuchMethodError: getWindow
[18:38:30] [Thread-212/INFO]: [STDERR]: java.lang.NoSuchMethodError: getWindow
[18:38:30] [Thread-213/INFO]: [STDERR]: java.lang.NoSuchMethodError: getWindow
[18:38:31] [Thread-214/INFO]: [STDERR]: java.lang.NoSuchMethodError: getWindow
[18:38:31] [Thread-215/INFO]: [STDERR]: java.lang.NoSuchMethodError: getWindow
[18:38:31] [Thread-216/INFO]: [STDERR]: java.lang.NoSuchMethodError: getWindow
[18:38:31] [Thread-217/INFO]: [STDERR]: java.lang.NoSuchMethodError: getWindow
[18:38:31] [Thread-218/INFO]: [STDERR]: java.lang.NoSuchMethodError: getWindow
[18:38:31] [Thread-219/INFO]: [STDERR]: java.lang.NoSuchMethodError: getWindow
[18:38:31] [Thread-220/INFO]: [STDERR]: java.lang.NoSuchMethodError: getWindow
[18:38:31] [Thread-221/INFO]: [STDERR]: java.lang.NoSuchMethodError: getWindow
[18:38:31] [Thread-222/INFO]: [STDERR]: java.lang.NoSuchMethodError: getWindow
[18:38:31] [Thread-223/INFO]: [STDERR]: java.lang.NoSuchMethodError: getWindow
[18:38:31] [Thread-224/INFO]: [STDERR]: java.lang.NoSuchMethodError: getWindow
[18:38:31] [Thread-225/INFO]: [STDERR]: java.lang.NoSuchMethodError: getWindow
[18:38:32] [Thread-226/INFO]: [STDERR]: java.lang.NoSuchMethodError: getWindow
[18:38:32] [Thread-227/INFO]: [STDERR]: java.lang.NoSuchMethodError: getWindow
[18:38:32] [Thread-228/INFO]: [STDERR]: java.lang.NoSuchMethodError: getWindow
[18:38:32] [Thread-229/INFO]: [STDERR]: java.lang.NoSuchMethodError: getWindow
[18:38:32] [Thread-230/INFO]: [STDERR]: java.lang.NoSuchMethodError: getWindow
[18:38:32] [Thread-231/INFO]: [STDERR]: java.lang.NoSuchMethodError: getWindow
[18:38:32] [Thread-232/INFO]: [STDERR]: java.lang.NoSuchMethodError: getWindow
[18:38:32] [Thread-233/INFO]: [STDERR]: java.lang.NoSuchMethodError: getWindow
[18:38:32] [Thread-234/INFO]: [STDERR]: java.lang.NoSuchMethodError: getWindow
[18:38:32] [Thread-235/INFO]: [STDERR]: java.lang.NoSuchMethodError: getWindow
[18:38:32] [Thread-236/INFO]: [STDERR]: java.lang.NoSuchMethodError: getWindow
[18:38:32] [Thread-237/INFO]: [STDERR]: java.lang.NoSuchMethodError: getWindow
[18:38:33] [Thread-238/INFO]: [STDERR]: java.lang.NoSuchMethodError: getWindow
[18:38:33] [Thread-239/INFO]: [STDERR]: java.lang.NoSuchMethodError: getWindow
[18:38:33] [Thread-240/INFO]: [STDERR]: java.lang.NoSuchMethodError: getWindow
[18:38:33] [Thread-241/INFO]: [STDERR]: java.lang.NoSuchMethodError: getWindow
[18:38:33] [Thread-242/INFO]: [STDERR]: java.lang.NoSuchMethodError: getWindow
[18:38:33] [Thread-243/INFO]: [STDERR]: java.lang.NoSuchMethodError: getWindow
[18:38:33] [Thread-244/INFO]: [STDERR]: java.lang.NoSuchMethodError: getWindow
[18:38:33] [Thread-245/INFO]: [STDERR]: java.lang.NoSuchMethodError: getWindow
[18:38:33] [Thread-246/INFO]: [STDERR]: java.lang.NoSuchMethodError: getWindow
[18:38:33] [Thread-247/INFO]: [STDERR]: java.lang.NoSuchMethodError: getWindow
[18:38:33] [Thread-248/INFO]: [STDERR]: java.lang.NoSuchMethodError: getWindow
[18:38:33] [Thread-249/INFO]: [STDERR]: java.lang.NoSuchMethodError: getWindow
[18:38:34] [Thread-250/INFO]: [STDERR]: java.lang.NoSuchMethodError: getWindow
[18:38:34] [Thread-251/INFO]: [STDERR]: java.lang.NoSuchMethodError: getWindow
[18:38:34] [Thread-252/INFO]: [STDERR]: java.lang.NoSuchMethodError: getWindow
[18:38:34] [Thread-253/INFO]: [STDERR]: java.lang.NoSuchMethodError: getWindow
[18:38:34] [Thread-254/INFO]: [STDERR]: java.lang.NoSuchMethodError: getWindow
[18:38:34] [Thread-255/INFO]: [STDERR]: java.lang.NoSuchMethodError: getWindow
[18:38:34] [Thread-256/INFO]: [STDERR]: java.lang.NoSuchMethodError: getWindow
[18:38:34] [Thread-257/INFO]: [STDERR]: java.lang.NoSuchMethodError: getWindow
[18:38:34] [Thread-258/INFO]: [STDERR]: java.lang.NoSuchMethodError: getWindow
[18:38:34] [Thread-259/INFO]: [STDERR]: java.lang.NoSuchMethodError: getWindow
[18:38:34] [Thread-260/INFO]: [STDERR]: java.lang.NoSuchMethodError: getWindow
[18:38:34] [Thread-261/INFO]: [STDERR]: java.lang.NoSuchMethodError: getWindow
[18:38:34] [Thread-262/INFO]: [STDERR]: java.lang.NoSuchMethodError: getWindow
[18:38:34] [Thread-263/INFO]: [STDERR]: java.lang.NoSuchMethodError: getWindow
[18:38:34] [Thread-264/INFO]: [STDERR]: java.lang.NoSuchMethodError: getWindow
[18:38:34] [Thread-265/INFO]: [STDERR]: java.lang.NoSuchMethodError: getWindow
[18:38:35] [Thread-266/INFO]: [STDERR]: java.lang.NoSuchMethodError: getWindow
[18:38:35] [Thread-267/INFO]: [STDERR]: java.lang.NoSuchMethodError: getWindow
[18:38:35] [Thread-268/INFO]: [STDERR]: java.lang.NoSuchMethodError: getWindow
[18:38:35] [Thread-269/INFO]: [STDERR]: java.lang.NoSuchMethodError: getWindow
[18:38:35] [Thread-270/INFO]: [STDERR]: java.lang.NoSuchMethodError: getWindow
[18:38:35] [Thread-271/INFO]: [STDERR]: java.lang.NoSuchMethodError: getWindow
[18:38:35] [Thread-272/INFO]: [STDERR]: java.lang.NoSuchMethodError: getWindow
[18:38:35] [Thread-273/INFO]: [STDERR]: java.lang.NoSuchMethodError: getWindow
[18:38:35] [Thread-274/INFO]: [STDERR]: java.lang.NoSuchMethodError: getWindow
[18:38:35] [Thread-275/INFO]: [STDERR]: java.lang.NoSuchMethodError: getWindow
[18:38:35] [Thread-276/INFO]: [STDERR]: java.lang.NoSuchMethodError: getWindow
[18:38:35] [Thread-277/INFO]: [STDERR]: java.lang.NoSuchMethodError: getWindow
[18:38:36] [Thread-278/INFO]: [STDERR]: java.lang.NoSuchMethodError: getWindow
[18:38:36] [Thread-279/INFO]: [STDERR]: java.lang.NoSuchMethodError: getWindow
[18:38:36] [Thread-280/INFO]: [STDERR]: java.lang.NoSuchMethodError: getWindow
[18:38:36] [Thread-281/INFO]: [STDERR]: java.lang.NoSuchMethodError: getWindow
[18:38:36] [Thread-282/INFO]: [STDERR]: java.lang.NoSuchMethodError: getWindow
[18:38:36] [Thread-283/INFO]: [STDERR]: java.lang.NoSuchMethodError: getWindow
[18:38:36] [Thread-284/INFO]: [STDERR]: java.lang.NoSuchMethodError: getWindow
[18:38:36] [Thread-285/INFO]: [STDERR]: java.lang.NoSuchMethodError: getWindow
[18:38:36] [Thread-286/INFO]: [STDERR]: java.lang.NoSuchMethodError: getWindow
[18:38:36] [Thread-287/INFO]: [STDERR]: java.lang.NoSuchMethodError: getWindow
[18:38:36] [Thread-288/INFO]: [STDERR]: java.lang.NoSuchMethodError: getWindow
[18:38:36] [Thread-289/INFO]: [STDERR]: java.lang.NoSuchMethodError: getWindow
[18:38:37] [Thread-290/INFO]: [STDERR]: java.lang.NoSuchMethodError: getWindow
[18:38:37] [Thread-291/INFO]: [STDERR]: java.lang.NoSuchMethodError: getWindow
[18:38:37] [Thread-292/INFO]: [STDERR]: java.lang.NoSuchMethodError: getWindow
[18:38:37] [Thread-293/INFO]: [STDERR]: java.lang.NoSuchMethodError: getWindow
[18:38:37] [Thread-294/INFO]: [STDERR]: java.lang.NoSuchMethodError: getWindow
[18:38:37] [Thread-295/INFO]: [STDERR]: java.lang.NoSuchMethodError: getWindow
[18:38:37] [Thread-296/INFO]: [STDERR]: java.lang.NoSuchMethodError: getWindow
[18:38:37] [Thread-297/INFO]: [STDERR]: java.lang.NoSuchMethodError: getWindow
[18:38:37] [Thread-298/INFO]: [STDERR]: java.lang.NoSuchMethodError: getWindow
[18:38:37] [Thread-299/INFO]: [STDERR]: java.lang.NoSuchMethodError: getWindow
[18:38:37] [Thread-300/INFO]: [STDERR]: java.lang.NoSuchMethodError: getWindow
[18:38:37] [Thread-301/INFO]: [STDERR]: java.lang.NoSuchMethodError: getWindow
[18:38:37] [Thread-302/INFO]: [STDERR]: java.lang.NoSuchMethodError: getWindow
[18:38:38] [Thread-303/INFO]: [STDERR]: java.lang.NoSuchMethodError: getWindow
[18:38:38] [Thread-304/INFO]: [STDERR]: java.lang.NoSuchMethodError: getWindow
[18:38:38] [Thread-305/INFO]: [STDERR]: java.lang.NoSuchMethodError: getWindow
[18:38:38] [Thread-306/INFO]: [STDERR]: java.lang.NoSuchMethodError: getWindow
[18:38:38] [Thread-307/INFO]: [STDERR]: java.lang.NoSuchMethodError: getWindow
[18:38:38] [Thread-308/INFO]: [STDERR]: java.lang.NoSuchMethodError: getWindow
[18:38:38] [Thread-309/INFO]: [STDERR]: java.lang.NoSuchMethodError: getWindow
[18:38:38] [Thread-310/INFO]: [STDERR]: java.lang.NoSuchMethodError: getWindow
[18:38:38] [Thread-311/INFO]: [STDERR]: java.lang.NoSuchMethodError: getWindow
[18:38:38] [Thread-312/INFO]: [STDERR]: java.lang.NoSuchMethodError: getWindow
[18:38:38] [Thread-313/INFO]: [STDERR]: java.lang.NoSuchMethodError: getWindow
[18:38:38] [Thread-314/INFO]: [STDERR]: java.lang.NoSuchMethodError: getWindow
[18:38:38] [Thread-315/INFO]: [STDERR]: java.lang.NoSuchMethodError: getWindow
[18:38:38] [Thread-316/INFO]: [STDERR]: java.lang.NoSuchMethodError: getWindow
[18:38:38] [Thread-317/INFO]: [STDERR]: java.lang.NoSuchMethodError: getWindow
[18:38:39] [Thread-318/INFO]: [STDERR]: java.lang.NoSuchMethodError: getWindow
[18:38:39] [Thread-319/INFO]: [STDERR]: java.lang.NoSuchMethodError: getWindow
[18:38:39] [Thread-320/INFO]: [STDERR]: java.lang.NoSuchMethodError: getWindow
[18:38:39] [Thread-321/INFO]: [STDERR]: java.lang.NoSuchMethodError: getWindow
[18:38:39] [Thread-322/INFO]: [STDERR]: java.lang.NoSuchMethodError: getWindow
[18:38:39] [Thread-323/INFO]: [STDERR]: java.lang.NoSuchMethodError: getWindow
[18:38:39] [Render thread/INFO]: Connecting to localhost, 25565
[18:38:39] [Thread-324/INFO]: [STDERR]: java.lang.NoSuchMethodError: getWindow
[18:38:39] [Thread-325/INFO]: [STDERR]: java.lang.NoSuchMethodError: getWindow
[18:38:39] [Thread-326/INFO]: [STDERR]: java.lang.NoSuchMethodError: getWindow
[18:38:39] [Thread-327/INFO]: [STDERR]: java.lang.NoSuchMethodError: getWindow
[18:38:39] [Thread-328/INFO]: [STDERR]: java.lang.NoSuchMethodError: getWindow
[18:38:39] [Thread-329/INFO]: [STDERR]: java.lang.NoSuchMethodError: getWindow
[18:38:40] [Thread-330/INFO]: [STDERR]: java.lang.NoSuchMethodError: getWindow
[18:38:40] [Thread-331/INFO]: [STDERR]: java.lang.NoSuchMethodError: getWindow
[18:38:40] [Thread-332/INFO]: [STDERR]: java.lang.NoSuchMethodError: getWindow
[18:38:40] [Thread-333/INFO]: [STDERR]: java.lang.NoSuchMethodError: getWindow
[18:38:40] [Thread-334/INFO]: [STDERR]: java.lang.NoSuchMethodError: getWindow
[18:38:40] [Thread-335/INFO]: [STDERR]: java.lang.NoSuchMethodError: getWindow
[18:38:40] [Thread-336/INFO]: [STDERR]: java.lang.NoSuchMethodError: getWindow
[18:38:40] [Thread-337/INFO]: [STDERR]: java.lang.NoSuchMethodError: getWindow
[18:38:40] [Thread-338/INFO]: [STDERR]: java.lang.NoSuchMethodError: getWindow
[18:38:40] [Thread-339/INFO]: [STDERR]: java.lang.NoSuchMethodError: getWindow
[18:38:40] [Thread-340/INFO]: [STDERR]: java.lang.NoSuchMethodError: getWindow
[18:38:40] [Thread-341/INFO]: [STDERR]: java.lang.NoSuchMethodError: getWindow
[18:38:41] [Thread-342/INFO]: [STDERR]: java.lang.NoSuchMethodError: getWindow
[18:38:41] [Thread-343/INFO]: [STDERR]: java.lang.NoSuchMethodError: getWindow
[18:38:41] [Thread-344/INFO]: [STDERR]: java.lang.NoSuchMethodError: getWindow
[18:38:41] [Thread-345/INFO]: [STDERR]: java.lang.NoSuchMethodError: getWindow
[18:38:41] [Thread-346/INFO]: [STDERR]: java.lang.NoSuchMethodError: getWindow
[18:38:41] [Thread-347/INFO]: [STDERR]: java.lang.NoSuchMethodError: getWindow
[18:38:41] [Thread-348/INFO]: [STDERR]: java.lang.NoSuchMethodError: getWindow
[18:38:41] [Thread-349/INFO]: [STDERR]: java.lang.NoSuchMethodError: getWindow
[18:38:41] [Thread-350/INFO]: [STDERR]: java.lang.NoSuchMethodError: getWindow
[18:38:41] [Thread-351/INFO]: [STDERR]: java.lang.NoSuchMethodError: getWindow
[18:38:41] [Thread-352/INFO]: [STDERR]: java.lang.NoSuchMethodError: getWindow
[18:38:41] [Thread-353/INFO]: [STDERR]: java.lang.NoSuchMethodError: getWindow
[18:38:41] [Thread-354/INFO]: [STDERR]: java.lang.NoSuchMethodError: getWindow
[18:38:41] [Thread-355/INFO]: [STDERR]: java.lang.NoSuchMethodError: getWindow
[18:38:42] [Thread-356/INFO]: [STDERR]: java.lang.NoSuchMethodError: getWindow
[18:38:42] [Thread-357/INFO]: [STDERR]: java.lang.NoSuchMethodError: getWindow
[18:38:42] [Thread-358/INFO]: [STDERR]: java.lang.NoSuchMethodError: getWindow
[18:38:42] [Thread-359/INFO]: [STDERR]: java.lang.NoSuchMethodError: getWindow
[18:38:42] [Thread-360/INFO]: [STDERR]: java.lang.NoSuchMethodError: getWindow
[18:38:42] [Thread-361/INFO]: [STDERR]: java.lang.NoSuchMethodError: getWindow
[18:38:42] [Thread-362/INFO]: [STDERR]: java.lang.NoSuchMethodError: getWindow
[18:38:42] [Thread-363/INFO]: [STDERR]: java.lang.NoSuchMethodError: getWindow
[18:38:42] [Thread-364/INFO]: [STDERR]: java.lang.NoSuchMethodError: getWindow
[18:38:42] [Thread-365/INFO]: [STDERR]: java.lang.NoSuchMethodError: getWindow
[18:38:42] [Render thread/INFO]: [System] [CHAT] Ifuto_mitai joined the game
[18:38:42] [Render thread/INFO]: Loaded 1584 advancements
[18:38:42] [Thread-368/INFO]: [STDERR]: java.lang.NoSuchMethodError: getWindow
[18:38:42] [Thread-369/INFO]: [STDERR]: java.lang.NoSuchMethodError: getWindow
[18:38:42] [Thread-370/INFO]: [STDERR]: java.lang.NoSuchMethodError: getWindow
[18:38:42] [Thread-371/INFO]: [STDERR]: java.lang.NoSuchMethodError: getWindow
[18:38:43] [Render thread/INFO]: [System] [CHAT] [ViaVersion] There is a newer plugin version available: 5.11.0, you're on: 5.10.0
[18:38:43] [Thread-372/INFO]: [STDERR]: java.lang.NoSuchMethodError: getWindow
[18:38:43] [Thread-373/INFO]: [STDERR]: java.lang.NoSuchMethodError: getWindow
[18:38:43] [Thread-374/INFO]: [STDERR]: java.lang.NoSuchMethodError: getWindow
[18:38:43] [Thread-375/INFO]: [STDERR]: java.lang.NoSuchMethodError: getWindow
[18:38:43] [Render thread/INFO]: Resizing Dynamic Transforms UBO, capacity limit of 2 reached during a single frame. New capacity will be 4.
[18:38:43] [Render thread/INFO]: Resizing Dynamic Transforms UBO, capacity limit of 4 reached during a single frame. New capacity will be 8.
[18:38:43] [Thread-377/INFO]: [STDERR]: java.lang.NoSuchMethodError: getWindow
[18:38:43] [Thread-378/INFO]: [STDERR]: java.lang.NoSuchMethodError: getWindow
[18:38:43] [Thread-379/INFO]: [STDERR]: java.lang.NoSuchMethodError: getWindow
[18:38:43] [Thread-380/INFO]: [STDERR]: java.lang.NoSuchMethodError: getWindow
[18:38:43] [Thread-381/INFO]: [STDERR]: java.lang.NoSuchMethodError: getWindow
[18:38:43] [Thread-382/INFO]: [STDERR]: java.lang.NoSuchMethodError: getWindow
[18:38:43] [Thread-383/INFO]: [STDERR]: java.lang.NoSuchMethodError: getWindow
[18:38:43] [Thread-384/INFO]: [STDERR]: java.lang.NoSuchMethodError: getWindow
[18:38:44] [Thread-385/INFO]: [STDERR]: java.lang.NoSuchMethodError: getWindow
[18:38:44] [Thread-386/INFO]: [STDERR]: java.lang.NoSuchMethodError: getWindow
[18:38:44] [Thread-387/INFO]: [STDERR]: java.lang.NoSuchMethodError: getWindow
[18:38:44] [Thread-388/INFO]: [STDERR]: java.lang.NoSuchMethodError: getWindow
[18:38:44] [Thread-389/INFO]: [STDERR]: java.lang.NoSuchMethodError: getWindow
[18:38:44] [Render thread/INFO]: Resizing Chunk Sections UBO, capacity limit of 2 reached during a single frame. New capacity will be 8.
[18:38:44] [Thread-390/INFO]: [STDERR]: java.lang.NoSuchMethodError: getWindow
[18:38:44] [Render thread/INFO]: Resizing Dynamic Transforms UBO, capacity limit of 8 reached during a single frame. New capacity will be 16.
[18:38:44] [Thread-391/INFO]: [STDERR]: java.lang.NoSuchMethodError: getWindow
[18:38:44] [Thread-392/INFO]: [STDERR]: java.lang.NoSuchMethodError: getWindow
[18:38:44] [Render thread/INFO]: Resizing Chunk Sections UBO, capacity limit of 8 reached during a single frame. New capacity will be 16.
[18:38:44] [Render thread/INFO]: Resizing Chunk Sections UBO, capacity limit of 16 reached during a single frame. New capacity will be 32.
[18:38:44] [Thread-393/INFO]: [STDERR]: java.lang.NoSuchMethodError: getWindow
[18:38:44] [Thread-394/INFO]: [STDERR]: java.lang.NoSuchMethodError: getWindow
[18:38:44] [Thread-395/INFO]: [STDERR]: java.lang.NoSuchMethodError: getWindow
[18:38:44] [Thread-396/INFO]: [STDERR]: java.lang.NoSuchMethodError: getWindow
[18:38:44] [Render thread/INFO]: Resizing Chunk Sections UBO, capacity limit of 32 reached during a single frame. New capacity will be 64.
[18:38:45] [Thread-397/INFO]: [STDERR]: java.lang.NoSuchMethodError: getWindow
[18:38:45] [Thread-398/INFO]: [STDERR]: java.lang.NoSuchMethodError: getWindow
[18:38:45] [Thread-399/INFO]: [STDERR]: java.lang.NoSuchMethodError: getWindow
[18:38:45] [Thread-400/INFO]: [STDERR]: java.lang.NoSuchMethodError: getWindow
[18:38:45] [Render thread/INFO]: Resizing Chunk Sections UBO, capacity limit of 64 reached during a single frame. New capacity will be 128.
[18:38:45] [Thread-401/INFO]: [STDERR]: java.lang.NoSuchMethodError: getWindow
[18:38:45] [Thread-402/INFO]: [STDERR]: java.lang.NoSuchMethodError: getWindow
[18:38:45] [Thread-403/INFO]: [STDERR]: java.lang.NoSuchMethodError: getWindow
[18:38:45] [Thread-404/INFO]: [STDERR]: java.lang.NoSuchMethodError: getWindow
[18:38:45] [Thread-405/INFO]: [STDERR]: java.lang.NoSuchMethodError: getWindow
[18:38:45] [Thread-406/INFO]: [STDERR]: java.lang.NoSuchMethodError: getWindow
[18:38:45] [Thread-407/INFO]: [STDERR]: java.lang.NoSuchMethodError: getWindow
[18:38:45] [Thread-408/INFO]: [STDERR]: java.lang.NoSuchMethodError: getWindow
[18:38:46] [Thread-409/INFO]: [STDERR]: java.lang.NoSuchMethodError: getWindow
[18:38:46] [Thread-410/INFO]: [STDERR]: java.lang.NoSuchMethodError: getWindow
[18:38:46] [Thread-411/INFO]: [STDERR]: java.lang.NoSuchMethodError: getWindow
[18:38:46] [Thread-412/INFO]: [STDERR]: java.lang.NoSuchMethodError: getWindow
[18:38:46] [Render thread/INFO]: Resizing Chunk Sections UBO, capacity limit of 128 reached during a single frame. New capacity will be 256.
[18:38:46] [Thread-413/INFO]: [STDERR]: java.lang.NoSuchMethodError: getWindow
[18:38:46] [Thread-414/INFO]: [STDERR]: java.lang.NoSuchMethodError: getWindow
[18:38:46] [Thread-415/INFO]: [STDERR]: java.lang.NoSuchMethodError: getWindow
[18:38:46] [Thread-416/INFO]: [STDERR]: java.lang.NoSuchMethodError: getWindow
[18:38:46] [Thread-417/INFO]: [STDERR]: java.lang.NoSuchMethodError: getWindow
[18:38:46] [Thread-418/INFO]: [STDERR]: java.lang.NoSuchMethodError: getWindow
[18:38:47] [Thread-419/INFO]: [STDERR]: java.lang.NoSuchMethodError: getWindow
[18:38:47] [Thread-420/INFO]: [STDERR]: java.lang.NoSuchMethodError: getWindow
[18:38:47] [Thread-421/INFO]: [STDERR]: java.lang.NoSuchMethodError: getWindow
[18:38:47] [Thread-422/INFO]: [STDERR]: java.lang.NoSuchMethodError: getWindow
[18:38:47] [Thread-423/INFO]: [STDERR]: java.lang.NoSuchMethodError: getWindow
[18:38:47] [Thread-424/INFO]: [STDERR]: java.lang.NoSuchMethodError: getWindow
[18:38:47] [Thread-425/INFO]: [STDERR]: java.lang.NoSuchMethodError: getWindow
[18:38:47] [Thread-426/INFO]: [STDERR]: java.lang.NoSuchMethodError: getWindow
[18:38:47] [Thread-427/INFO]: [STDERR]: java.lang.NoSuchMethodError: getWindow
[18:38:47] [Thread-428/INFO]: [STDERR]: java.lang.NoSuchMethodError: getWindow
[18:38:47] [Thread-429/INFO]: [STDERR]: java.lang.NoSuchMethodError: getWindow
[18:38:47] [Thread-430/INFO]: [STDERR]: java.lang.NoSuchMethodError: getWindow
[18:38:47] [Thread-431/INFO]: [STDERR]: java.lang.NoSuchMethodError: getWindow
[18:38:48] [Thread-432/INFO]: [STDERR]: java.lang.NoSuchMethodError: getWindow
[18:38:48] [Render thread/INFO]: Resizing Chunk Sections UBO, capacity limit of 256 reached during a single frame. New capacity will be 512.
[18:38:48] [Thread-433/INFO]: [STDERR]: java.lang.NoSuchMethodError: getWindow
[18:38:48] [Thread-434/INFO]: [STDERR]: java.lang.NoSuchMethodError: getWindow
[18:38:48] [Thread-435/INFO]: [STDERR]: java.lang.NoSuchMethodError: getWindow
[18:38:48] [Thread-436/INFO]: [STDERR]: java.lang.NoSuchMethodError: getWindow
[18:38:48] [Thread-437/INFO]: [STDERR]: java.lang.NoSuchMethodError: getWindow
[18:38:48] [Thread-438/INFO]: [STDERR]: java.lang.NoSuchMethodError: getWindow
[18:38:48] [Thread-439/INFO]: [STDERR]: java.lang.NoSuchMethodError: getWindow
[18:38:48] [Thread-440/INFO]: [STDERR]: java.lang.NoSuchMethodError: getWindow
[18:38:48] [Thread-441/INFO]: [STDERR]: java.lang.NoSuchMethodError: getWindow
[18:38:48] [Thread-442/INFO]: [STDERR]: java.lang.NoSuchMethodError: getWindow
[18:38:48] [Thread-443/INFO]: [STDERR]: java.lang.NoSuchMethodError: getWindow
[18:38:48] [Thread-444/INFO]: [STDERR]: java.lang.NoSuchMethodError: getWindow
[18:38:49] [Thread-445/INFO]: [STDERR]: java.lang.NoSuchMethodError: getWindow
[18:38:49] [Thread-446/INFO]: [STDERR]: java.lang.NoSuchMethodError: getWindow
[18:38:49] [Thread-447/INFO]: [STDERR]: java.lang.NoSuchMethodError: getWindow
[18:38:49] [Thread-448/INFO]: [STDERR]: java.lang.NoSuchMethodError: getWindow
[18:38:49] [Thread-449/INFO]: [STDERR]: java.lang.NoSuchMethodError: getWindow
[18:38:49] [Thread-450/INFO]: [STDERR]: java.lang.NoSuchMethodError: getWindow
[18:38:49] [Thread-451/INFO]: [STDERR]: java.lang.NoSuchMethodError: getWindow
[18:38:49] [Thread-452/INFO]: [STDERR]: java.lang.NoSuchMethodError: getWindow
[18:38:49] [Thread-453/INFO]: [STDERR]: java.lang.NoSuchMethodError: getWindow
[18:38:49] [Thread-454/INFO]: [STDERR]: java.lang.NoSuchMethodError: getWindow
[18:38:49] [Thread-455/INFO]: [STDERR]: java.lang.NoSuchMethodError: getWindow
[18:38:49] [Thread-456/INFO]: [STDERR]: java.lang.NoSuchMethodError: getWindow
[18:38:50] [Thread-457/INFO]: [STDERR]: java.lang.NoSuchMethodError: getWindow
[18:38:50] [Thread-458/INFO]: [STDERR]: java.lang.NoSuchMethodError: getWindow
[18:38:50] [Thread-459/INFO]: [STDERR]: java.lang.NoSuchMethodError: getWindow
[18:38:50] [Thread-460/INFO]: [STDERR]: java.lang.NoSuchMethodError: getWindow
[18:38:50] [Thread-461/INFO]: [STDERR]: java.lang.NoSuchMethodError: getWindow
[18:38:50] [Thread-462/INFO]: [STDERR]: java.lang.NoSuchMethodError: getWindow
[18:38:50] [Thread-463/INFO]: [STDERR]: java.lang.NoSuchMethodError: getWindow
[18:38:50] [Thread-464/INFO]: [STDERR]: java.lang.NoSuchMethodError: getWindow
[18:38:50] [Render thread/INFO]: [CHAT] <ml_Hika15> hello
[18:38:50] [Thread-465/INFO]: [STDERR]: java.lang.NoSuchMethodError: getWindow
[18:38:50] [Thread-466/INFO]: [STDERR]: java.lang.NoSuchMethodError: getWindow
[18:38:50] [Thread-467/INFO]: [STDERR]: java.lang.NoSuchMethodError: getWindow
[18:38:50] [Thread-468/INFO]: [STDERR]: java.lang.NoSuchMethodError: getWindow
[18:38:51] [Thread-469/INFO]: [STDERR]: java.lang.NoSuchMethodError: getWindow
[18:38:51] [Thread-470/INFO]: [STDERR]: java.lang.NoSuchMethodError: getWindow
[18:38:51] [Thread-471/INFO]: [STDERR]: java.lang.NoSuchMethodError: getWindow
[18:38:51] [Thread-472/INFO]: [STDERR]: java.lang.NoSuchMethodError: getWindow
[18:38:51] [Thread-473/INFO]: [STDERR]: java.lang.NoSuchMethodError: getWindow
[18:38:51] [Thread-474/INFO]: [STDERR]: java.lang.NoSuchMethodError: getWindow
[18:38:51] [Thread-475/INFO]: [STDERR]: java.lang.NoSuchMethodError: getWindow
[18:38:51] [Thread-476/INFO]: [STDERR]: java.lang.NoSuchMethodError: getWindow
[18:38:51] [Thread-477/INFO]: [STDERR]: java.lang.NoSuchMethodError: getWindow
[18:38:51] [Thread-478/INFO]: [STDERR]: java.lang.NoSuchMethodError: getWindow
[18:38:51] [Thread-479/INFO]: [STDERR]: java.lang.NoSuchMethodError: getWindow
[18:38:51] [Thread-480/INFO]: [STDERR]: java.lang.NoSuchMethodError: getWindow
[18:38:52] [Thread-481/INFO]: [STDERR]: java.lang.NoSuchMethodError: getWindow
[18:38:52] [Thread-482/INFO]: [STDERR]: java.lang.NoSuchMethodError: getWindow
[18:38:52] [Thread-483/INFO]: [STDERR]: java.lang.NoSuchMethodError: getWindow
[18:38:52] [Thread-484/INFO]: [STDERR]: java.lang.NoSuchMethodError: getWindow
[18:38:52] [Thread-485/INFO]: [STDERR]: java.lang.NoSuchMethodError: getWindow
[18:38:52] [Thread-486/INFO]: [STDERR]: java.lang.NoSuchMethodError: getWindow
[18:38:52] [Thread-487/INFO]: [STDERR]: java.lang.NoSuchMethodError: getWindow
[18:38:52] [Thread-488/INFO]: [STDERR]: java.lang.NoSuchMethodError: getWindow
[18:38:52] [Thread-489/INFO]: [STDERR]: java.lang.NoSuchMethodError: getWindow
[18:38:52] [Thread-490/INFO]: [STDERR]: java.lang.NoSuchMethodError: getWindow
[18:38:52] [Thread-491/INFO]: [STDERR]: java.lang.NoSuchMethodError: getWindow
[18:38:52] [Thread-492/INFO]: [STDERR]: java.lang.NoSuchMethodError: getWindow
[18:38:52] [Thread-493/INFO]: [STDERR]: java.lang.NoSuchMethodError: getWindow
[18:38:52] [Thread-494/INFO]: [STDERR]: java.lang.NoSuchMethodError: getWindow
[18:38:52] [Thread-495/INFO]: [STDERR]: java.lang.NoSuchMethodError: getWindow
[18:38:52] [Thread-496/INFO]: [STDERR]: java.lang.NoSuchMethodError: getWindow
[18:38:53] [Thread-497/INFO]: [STDERR]: java.lang.NoSuchMethodError: getWindow
[18:38:53] [Thread-498/INFO]: [STDERR]: java.lang.NoSuchMethodError: getWindow
[18:38:53] [Thread-499/INFO]: [STDERR]: java.lang.NoSuchMethodError: getWindow
[18:38:53] [Thread-500/INFO]: [STDERR]: java.lang.NoSuchMethodError: getWindow
[18:38:53] [Render thread/INFO]: [CHAT] <Ifuto_mitai> uo
[18:38:53] [Thread-501/INFO]: [STDERR]: java.lang.NoSuchMethodError: getWindow
[18:38:53] [Thread-502/INFO]: [STDERR]: java.lang.NoSuchMethodError: getWindow
[18:38:53] [Thread-503/INFO]: [STDERR]: java.lang.NoSuchMethodError: getWindow
[18:38:53] [Thread-504/INFO]: [STDERR]: java.lang.NoSuchMethodError: getWindow
[18:38:53] [Thread-505/INFO]: [STDERR]: java.lang.NoSuchMethodError: getWindow
[18:38:53] [Thread-506/INFO]: [STDERR]: java.lang.NoSuchMethodError: getWindow
[18:38:53] [Thread-507/INFO]: [STDERR]: java.lang.NoSuchMethodError: getWindow
[18:38:53] [Thread-508/INFO]: [STDERR]: java.lang.NoSuchMethodError: getWindow
[18:38:54] [Thread-509/INFO]: [STDERR]: java.lang.NoSuchMethodError: getWindow
[18:38:54] [Thread-510/INFO]: [STDERR]: java.lang.NoSuchMethodError: getWindow
[18:38:54] [Thread-511/INFO]: [STDERR]: java.lang.NoSuchMethodError: getWindow
[18:38:54] [Thread-512/INFO]: [STDERR]: java.lang.NoSuchMethodError: getWindow
[18:38:54] [Thread-513/INFO]: [STDERR]: java.lang.NoSuchMethodError: getWindow
[18:38:54] [Thread-514/INFO]: [STDERR]: java.lang.NoSuchMethodError: getWindow
[18:38:54] [Thread-515/INFO]: [STDERR]: java.lang.NoSuchMethodError: getWindow
[18:38:54] [Thread-516/INFO]: [STDERR]: java.lang.NoSuchMethodError: getWindow
[18:38:54] [Thread-517/INFO]: [STDERR]: java.lang.NoSuchMethodError: getWindow
[18:38:54] [Thread-518/INFO]: [STDERR]: java.lang.NoSuchMethodError: getWindow
[18:38:54] [Thread-519/INFO]: [STDERR]: java.lang.NoSuchMethodError: getWindow
[18:38:54] [Thread-520/INFO]: [STDERR]: java.lang.NoSuchMethodError: getWindow
[18:38:55] [Thread-521/INFO]: [STDERR]: java.lang.NoSuchMethodError: getWindow
[18:38:55] [Thread-522/INFO]: [STDERR]: java.lang.NoSuchMethodError: getWindow
[18:38:55] [Thread-523/INFO]: [STDERR]: java.lang.NoSuchMethodError: getWindow
[18:38:55] [Thread-524/INFO]: [STDERR]: java.lang.NoSuchMethodError: getWindow
[18:38:55] [Thread-525/INFO]: [STDERR]: java.lang.NoSuchMethodError: getWindow
[18:38:55] [Thread-526/INFO]: [STDERR]: java.lang.NoSuchMethodError: getWindow
[18:38:55] [Thread-527/INFO]: [STDERR]: java.lang.NoSuchMethodError: getWindow
[18:38:55] [Thread-528/INFO]: [STDERR]: java.lang.NoSuchMethodError: getWindow
[18:38:55] [Thread-529/INFO]: [STDERR]: java.lang.NoSuchMethodError: getWindow
[18:38:55] [Thread-530/INFO]: [STDERR]: java.lang.NoSuchMethodError: getWindow
[18:38:55] [Thread-531/INFO]: [STDERR]: java.lang.NoSuchMethodError: getWindow
[18:38:55] [Thread-532/INFO]: [STDERR]: java.lang.NoSuchMethodError: getWindow
[18:38:56] [Thread-533/INFO]: [STDERR]: java.lang.NoSuchMethodError: getWindow
[18:38:56] [Thread-534/INFO]: [STDERR]: java.lang.NoSuchMethodError: getWindow
[18:38:56] [Thread-535/INFO]: [STDERR]: java.lang.NoSuchMethodError: getWindow
[18:38:56] [Thread-536/INFO]: [STDERR]: java.lang.NoSuchMethodError: getWindow
[18:38:56] [Thread-537/INFO]: [STDERR]: java.lang.NoSuchMethodError: getWindow
[18:38:56] [Thread-538/INFO]: [STDERR]: java.lang.NoSuchMethodError: getWindow
[18:38:56] [Thread-539/INFO]: [STDERR]: java.lang.NoSuchMethodError: getWindow
[18:38:56] [Thread-540/INFO]: [STDERR]: java.lang.NoSuchMethodError: getWindow
[18:38:56] [Thread-541/INFO]: [STDERR]: java.lang.NoSuchMethodError: getWindow
[18:38:56] [Thread-542/INFO]: [STDERR]: java.lang.NoSuchMethodError: getWindow
[18:38:56] [Thread-543/INFO]: [STDERR]: java.lang.NoSuchMethodError: getWindow
[18:38:56] [Thread-544/INFO]: [STDERR]: java.lang.NoSuchMethodError: getWindow
[18:38:56] [Thread-545/INFO]: [STDERR]: java.lang.NoSuchMethodError: getWindow
[18:38:56] [Thread-546/INFO]: [STDERR]: java.lang.NoSuchMethodError: getWindow
[18:38:57] [Thread-547/INFO]: [STDERR]: java.lang.NoSuchMethodError: getWindow
[18:38:57] [Thread-548/INFO]: [STDERR]: java.lang.NoSuchMethodError: getWindow
[18:38:57] [Thread-549/INFO]: [STDERR]: java.lang.NoSuchMethodError: getWindow
[18:38:57] [Thread-550/INFO]: [STDERR]: java.lang.NoSuchMethodError: getWindow
[18:38:57] [Thread-551/INFO]: [STDERR]: java.lang.NoSuchMethodError: getWindow
[18:38:57] [Thread-552/INFO]: [STDERR]: java.lang.NoSuchMethodError: getWindow
[18:38:57] [Thread-553/INFO]: [STDERR]: java.lang.NoSuchMethodError: getWindow
[18:38:57] [Thread-554/INFO]: [STDERR]: java.lang.NoSuchMethodError: getWindow
[18:38:57] [Thread-555/INFO]: [STDERR]: java.lang.NoSuchMethodError: getWindow
[18:38:57] [Thread-556/INFO]: [STDERR]: java.lang.NoSuchMethodError: getWindow
[18:38:57] [Thread-557/INFO]: [STDERR]: java.lang.NoSuchMethodError: getWindow
[18:38:57] [Thread-558/INFO]: [STDERR]: java.lang.NoSuchMethodError: getWindow
[18:38:57] [Thread-559/INFO]: [STDERR]: java.lang.NoSuchMethodError: getWindow
[18:38:57] [Thread-560/INFO]: [STDERR]: java.lang.NoSuchMethodError: getWindow
[18:38:58] [Thread-561/INFO]: [STDERR]: java.lang.NoSuchMethodError: getWindow
[18:38:58] [Thread-562/INFO]: [STDERR]: java.lang.NoSuchMethodError: getWindow
[18:38:58] [Thread-563/INFO]: [STDERR]: java.lang.NoSuchMethodError: getWindow
[18:38:58] [Thread-564/INFO]: [STDERR]: java.lang.NoSuchMethodError: getWindow
[18:38:58] [Thread-565/INFO]: [STDERR]: java.lang.NoSuchMethodError: getWindow
[18:38:58] [Thread-566/INFO]: [STDERR]: java.lang.NoSuchMethodError: getWindow
[18:38:58] [Thread-567/INFO]: [STDERR]: java.lang.NoSuchMethodError: getWindow
[18:38:58] [Thread-568/INFO]: [STDERR]: java.lang.NoSuchMethodError: getWindow
[18:38:58] [Thread-569/INFO]: [STDERR]: java.lang.NoSuchMethodError: getWindow
[18:38:58] [Thread-570/INFO]: [STDERR]: java.lang.NoSuchMethodError: getWindow
[18:38:58] [Thread-571/INFO]: [STDERR]: java.lang.NoSuchMethodError: getWindow
[18:38:58] [Thread-572/INFO]: [STDERR]: java.lang.NoSuchMethodError: getWindow
[18:38:59] [Thread-573/INFO]: [STDERR]: java.lang.NoSuchMethodError: getWindow
[18:38:59] [Thread-574/INFO]: [STDERR]: java.lang.NoSuchMethodError: getWindow
[18:38:59] [Thread-575/INFO]: [STDERR]: java.lang.NoSuchMethodError: getWindow
[18:38:59] [Thread-576/INFO]: [STDERR]: java.lang.NoSuchMethodError: getWindow
[18:38:59] [Thread-577/INFO]: [STDERR]: java.lang.NoSuchMethodError: getWindow
[18:38:59] [Thread-578/INFO]: [STDERR]: java.lang.NoSuchMethodError: getWindow
[18:38:59] [Thread-579/INFO]: [STDERR]: java.lang.NoSuchMethodError: getWindow
[18:38:59] [Thread-580/INFO]: [STDERR]: java.lang.NoSuchMethodError: getWindow
[18:38:59] [Thread-581/INFO]: [STDERR]: java.lang.NoSuchMethodError: getWindow
[18:38:59] [Thread-582/INFO]: [STDERR]: java.lang.NoSuchMethodError: getWindow
[18:38:59] [Thread-583/INFO]: [STDERR]: java.lang.NoSuchMethodError: getWindow
[18:38:59] [Thread-584/INFO]: [STDERR]: java.lang.NoSuchMethodError: getWindow
[18:39:00] [Render thread/INFO]: [System] [CHAT] Saved screenshot as 2026-08-13_18.38.59.png
[18:39:00] [Thread-585/INFO]: [STDERR]: java.lang.NoSuchMethodError: getWindow
[18:39:00] [Thread-586/INFO]: [STDERR]: java.lang.NoSuchMethodError: getWindow
[18:39:00] [Thread-587/INFO]: [STDERR]: java.lang.NoSuchMethodError: getWindow
[18:39:00] [Thread-588/INFO]: [STDERR]: java.lang.NoSuchMethodError: getWindow
[18:39:00] [Thread-589/INFO]: [STDERR]: java.lang.NoSuchMethodError: getWindow
[18:39:00] [Thread-590/INFO]: [STDERR]: java.lang.NoSuchMethodError: getWindow
[18:39:00] [Thread-591/INFO]: [STDERR]: java.lang.NoSuchMethodError: getWindow
[18:39:00] [Thread-592/INFO]: [STDERR]: java.lang.NoSuchMethodError: getWindow
[18:39:00] [Thread-593/INFO]: [STDERR]: java.lang.NoSuchMethodError: getWindow
[18:39:00] [Thread-594/INFO]: [STDERR]: java.lang.NoSuchMethodError: getWindow
[18:39:00] [Thread-595/INFO]: [STDERR]: java.lang.NoSuchMethodError: getWindow
[18:39:00] [Thread-596/INFO]: [STDERR]: java.lang.NoSuchMethodError: getWindow
[18:39:00] [Thread-597/INFO]: [STDERR]: java.lang.NoSuchMethodError: getWindow
[18:39:00] [Thread-598/INFO]: [STDERR]: java.lang.NoSuchMethodError: getWindow
[18:39:00] [Thread-599/INFO]: [STDERR]: java.lang.NoSuchMethodError: getWindow
[18:39:01] [Thread-600/INFO]: [STDERR]: java.lang.NoSuchMethodError: getWindow
[18:39:01] [Thread-601/INFO]: [STDERR]: java.lang.NoSuchMethodError: getWindow
[18:39:01] [Thread-602/INFO]: [STDERR]: java.lang.NoSuchMethodError: getWindow
[18:39:01] [Thread-603/INFO]: [STDERR]: java.lang.NoSuchMethodError: getWindow
[18:39:01] [Thread-604/INFO]: [STDERR]: java.lang.NoSuchMethodError: getWindow
[18:39:01] [Thread-605/INFO]: [STDERR]: java.lang.NoSuchMethodError: getWindow
[18:39:01] [Thread-606/INFO]: [STDERR]: java.lang.NoSuchMethodError: getWindow
[18:39:01] [Thread-607/INFO]: [STDERR]: java.lang.NoSuchMethodError: getWindow
[18:39:01] [Thread-608/INFO]: [STDERR]: java.lang.NoSuchMethodError: getWindow
[18:39:01] [Thread-609/INFO]: [STDERR]: java.lang.NoSuchMethodError: getWindow
[18:39:01] [Thread-610/INFO]: [STDERR]: java.lang.NoSuchMethodError: getWindow
[18:39:01] [Thread-611/INFO]: [STDERR]: java.lang.NoSuchMethodError: getWindow
[18:39:01] [Thread-612/INFO]: [STDERR]: java.lang.NoSuchMethodError: getWindow
[18:39:02] [Thread-613/INFO]: [STDERR]: java.lang.NoSuchMethodError: getWindow
[18:39:02] [Thread-614/INFO]: [STDERR]: java.lang.NoSuchMethodError: getWindow
[18:39:02] [Thread-615/INFO]: [STDERR]: java.lang.NoSuchMethodError: getWindow
[18:39:02] [Thread-616/INFO]: [STDERR]: java.lang.NoSuchMethodError: getWindow
[18:39:02] [Thread-617/INFO]: [STDERR]: java.lang.NoSuchMethodError: getWindow
[18:39:02] [Thread-618/INFO]: [STDERR]: java.lang.NoSuchMethodError: getWindow
[18:39:02] [Thread-619/INFO]: [STDERR]: java.lang.NoSuchMethodError: getWindow
[18:39:02] [Thread-620/INFO]: [STDERR]: java.lang.NoSuchMethodError: getWindow
[18:39:02] [Thread-621/INFO]: [STDERR]: java.lang.NoSuchMethodError: getWindow
[18:39:02] [Thread-622/INFO]: [STDERR]: java.lang.NoSuchMethodError: getWindow
[18:39:02] [Thread-623/INFO]: [STDERR]: java.lang.NoSuchMethodError: getWindow
[18:39:02] [Thread-624/INFO]: [STDERR]: java.lang.NoSuchMethodError: getWindow
[18:39:03] [Thread-625/INFO]: [STDERR]: java.lang.NoSuchMethodError: getWindow
[18:39:03] [Thread-626/INFO]: [STDERR]: java.lang.NoSuchMethodError: getWindow
[18:39:03] [Thread-627/INFO]: [STDERR]: java.lang.NoSuchMethodError: getWindow
[18:39:03] [Thread-628/INFO]: [STDERR]: java.lang.NoSuchMethodError: getWindow
[18:39:03] [Thread-629/INFO]: [STDERR]: java.lang.NoSuchMethodError: getWindow
[18:39:03] [Thread-630/INFO]: [STDERR]: java.lang.NoSuchMethodError: getWindow
[18:39:03] [Thread-631/INFO]: [STDERR]: java.lang.NoSuchMethodError: getWindow
[18:39:03] [Thread-632/INFO]: [STDERR]: java.lang.NoSuchMethodError: getWindow
[18:39:03] [Thread-633/INFO]: [STDERR]: java.lang.NoSuchMethodError: getWindow
[18:39:03] [Thread-634/INFO]: [STDERR]: java.lang.NoSuchMethodError: getWindow
[18:39:03] [Thread-635/INFO]: [STDERR]: java.lang.NoSuchMethodError: getWindow
[18:39:03] [Thread-636/INFO]: [STDERR]: java.lang.NoSuchMethodError: getWindow
[18:39:04] [Thread-637/INFO]: [STDERR]: java.lang.NoSuchMethodError: getWindow
[18:39:04] [Thread-638/INFO]: [STDERR]: java.lang.NoSuchMethodError: getWindow
[18:39:04] [Thread-639/INFO]: [STDERR]: java.lang.NoSuchMethodError: getWindow
[18:39:04] [Thread-640/INFO]: [STDERR]: java.lang.NoSuchMethodError: getWindow
[18:39:04] [Thread-641/INFO]: [STDERR]: java.lang.NoSuchMethodError: getWindow
[18:39:04] [Thread-642/INFO]: [STDERR]: java.lang.NoSuchMethodError: getWindow
[18:39:04] [Thread-643/INFO]: [STDERR]: java.lang.NoSuchMethodError: getWindow
[18:39:04] [Render thread/INFO]: [CHAT] <Ifuto_mitai> いったん抜ける
[18:39:04] [Thread-644/INFO]: [STDERR]: java.lang.NoSuchMethodError: getWindow
[18:39:04] [Thread-645/INFO]: [STDERR]: java.lang.NoSuchMethodError: getWindow
[18:39:04] [Thread-646/INFO]: [STDERR]: java.lang.NoSuchMethodError: getWindow
[18:39:04] [Thread-647/INFO]: [STDERR]: java.lang.NoSuchMethodError: getWindow
[18:39:04] [Thread-648/INFO]: [STDERR]: java.lang.NoSuchMethodError: getWindow
[18:39:04] [Thread-649/INFO]: [STDERR]: java.lang.NoSuchMethodError: getWindow
[18:39:04] [Thread-650/INFO]: [STDERR]: java.lang.NoSuchMethodError: getWindow
[18:39:04] [Thread-651/INFO]: [STDERR]: java.lang.NoSuchMethodError: getWindow
[18:39:04] [Thread-652/INFO]: [STDERR]: java.lang.NoSuchMethodError: getWindow
[18:39:05] [Thread-653/INFO]: [STDERR]: java.lang.NoSuchMethodError: getWindow
[18:39:05] [Thread-654/INFO]: [STDERR]: java.lang.NoSuchMethodError: getWindow
[18:39:05] [Thread-655/INFO]: [STDERR]: java.lang.NoSuchMethodError: getWindow
[18:39:05] [Thread-656/INFO]: [STDERR]: java.lang.NoSuchMethodError: getWindow
[18:39:05] [Thread-657/INFO]: [STDERR]: java.lang.NoSuchMethodError: getWindow
[18:39:05] [Thread-658/INFO]: [STDERR]: java.lang.NoSuchMethodError: getWindow
[18:39:05] [Thread-659/INFO]: [STDERR]: java.lang.NoSuchMethodError: getWindow
[18:39:05] [Thread-660/INFO]: [STDERR]: java.lang.NoSuchMethodError: getWindow
[18:39:05] [Thread-661/INFO]: [STDERR]: java.lang.NoSuchMethodError: getWindow
[18:39:05] [Thread-662/INFO]: [STDERR]: java.lang.NoSuchMethodError: getWindow
[18:39:05] [Thread-663/INFO]: [STDERR]: java.lang.NoSuchMethodError: getWindow
[18:39:05] [Thread-664/INFO]: [STDERR]: java.lang.NoSuchMethodError: getWindow
[18:39:06] [Render thread/INFO]: [CHAT] <ml_Hika15> 冷笑を検知
[18:39:06] [Thread-665/INFO]: [STDERR]: java.lang.NoSuchMethodError: getWindow
[18:39:06] [Thread-666/INFO]: [STDERR]: java.lang.NoSuchMethodError: getWindow
[18:39:06] [Thread-667/INFO]: [STDERR]: java.lang.NoSuchMethodError: getWindow
[18:39:06] [Thread-668/INFO]: [STDERR]: java.lang.NoSuchMethodError: getWindow
[18:39:06] [Thread-669/INFO]: [STDERR]: java.lang.NoSuchMethodError: getWindow
[18:39:06] [Thread-670/INFO]: [STDERR]: java.lang.NoSuchMethodError: getWindow
[18:39:06] [Thread-671/INFO]: [STDERR]: java.lang.NoSuchMethodError: getWindow
[18:39:06] [Thread-672/INFO]: [STDERR]: java.lang.NoSuchMethodError: getWindow
[18:39:06] [Thread-673/INFO]: [STDERR]: java.lang.NoSuchMethodError: getWindow
[18:39:06] [Thread-674/INFO]: [STDERR]: java.lang.NoSuchMethodError: getWindow
[18:39:06] [Thread-675/INFO]: [STDERR]: java.lang.NoSuchMethodError: getWindow
[18:39:06] [Thread-676/INFO]: [STDERR]: java.lang.NoSuchMethodError: getWindow
[18:39:07] [Render thread/INFO]: [CHAT] <ml_Hika15> bye
[18:39:07] [Thread-677/INFO]: [STDERR]: java.lang.NoSuchMethodError: getWindow
[18:39:07] [Thread-678/INFO]: [STDERR]: java.lang.NoSuchMethodError: getWindow
[18:39:07] [Thread-679/INFO]: [STDERR]: java.lang.NoSuchMethodError: getWindow
[18:39:07] [Thread-680/INFO]: [STDERR]: java.lang.NoSuchMethodError: getWindow
[18:39:07] [Thread-681/INFO]: [STDERR]: java.lang.NoSuchMethodError: getWindow
[18:39:07] [Thread-682/INFO]: [STDERR]: java.lang.NoSuchMethodError: getWindow
[18:39:07] [Thread-683/INFO]: [STDERR]: java.lang.NoSuchMethodError: getWindow
[18:39:07] [Thread-684/INFO]: [STDERR]: java.lang.NoSuchMethodError: getWindow
[18:39:07] [Thread-685/INFO]: [STDERR]: java.lang.NoSuchMethodError: getWindow
[18:39:07] [Thread-686/INFO]: [STDERR]: java.lang.NoSuchMethodError: getWindow
[18:39:07] [Thread-687/INFO]: [STDERR]: java.lang.NoSuchMethodError: getWindow
[18:39:07] [Thread-688/INFO]: [STDERR]: java.lang.NoSuchMethodError: getWindow
[18:39:08] [Thread-689/INFO]: [STDERR]: java.lang.NoSuchMethodError: getWindow
[18:39:08] [Thread-690/INFO]: [STDERR]: java.lang.NoSuchMethodError: getWindow
[18:39:08] [Thread-691/INFO]: [STDERR]: java.lang.NoSuchMethodError: getWindow
[18:39:08] [Thread-692/INFO]: [STDERR]: java.lang.NoSuchMethodError: getWindow
[18:39:08] [Thread-693/INFO]: [STDERR]: java.lang.NoSuchMethodError: getWindow
[18:39:08] [Thread-694/INFO]: [STDERR]: java.lang.NoSuchMethodError: getWindow
[18:39:08] [Thread-695/INFO]: [STDERR]: java.lang.NoSuchMethodError: getWindow
[18:39:08] [Thread-696/INFO]: [STDERR]: java.lang.NoSuchMethodError: getWindow
[18:39:08] [Thread-697/INFO]: [STDERR]: java.lang.NoSuchMethodError: getWindow
[18:39:08] [Thread-698/INFO]: [STDERR]: java.lang.NoSuchMethodError: getWindow
[18:39:08] [Thread-699/INFO]: [STDERR]: java.lang.NoSuchMethodError: getWindow
[18:39:08] [Thread-700/INFO]: [STDERR]: java.lang.NoSuchMethodError: getWindow
[18:39:08] [Thread-701/INFO]: [STDERR]: java.lang.NoSuchMethodError: getWindow
[18:39:08] [Thread-702/INFO]: [STDERR]: java.lang.NoSuchMethodError: getWindow
[18:39:08] [Thread-703/INFO]: [STDERR]: java.lang.NoSuchMethodError: getWindow
[18:39:08] [Thread-704/INFO]: [STDERR]: java.lang.NoSuchMethodError: getWindow
[18:39:09] [Thread-705/INFO]: [STDERR]: java.lang.NoSuchMethodError: getWindow
[18:39:09] [Thread-706/INFO]: [STDERR]: java.lang.NoSuchMethodError: getWindow
[18:39:09] [Thread-707/INFO]: [STDERR]: java.lang.NoSuchMethodError: getWindow
[18:39:09] [Thread-708/INFO]: [STDERR]: java.lang.NoSuchMethodError: getWindow
[18:39:09] [Thread-709/INFO]: [STDERR]: java.lang.NoSuchMethodError: getWindow
[18:39:09] [Thread-710/INFO]: [STDERR]: java.lang.NoSuchMethodError: getWindow
[18:39:09] [Thread-711/INFO]: [STDERR]: java.lang.NoSuchMethodError: getWindow
[18:39:09] [Thread-712/INFO]: [STDERR]: java.lang.NoSuchMethodError: getWindow
[18:39:09] [Thread-713/INFO]: [STDERR]: java.lang.NoSuchMethodError: getWindow
[18:39:09] [Thread-714/INFO]: [STDERR]: java.lang.NoSuchMethodError: getWindow
[18:39:09] [Thread-715/INFO]: [STDERR]: java.lang.NoSuchMethodError: getWindow
[18:39:09] [Thread-716/INFO]: [STDERR]: java.lang.NoSuchMethodError: getWindow
[18:39:10] [Thread-717/INFO]: [STDERR]: java.lang.NoSuchMethodError: getWindow
[18:39:10] [Thread-718/INFO]: [STDERR]: java.lang.NoSuchMethodError: getWindow
[18:39:10] [Thread-719/INFO]: [STDERR]: java.lang.NoSuchMethodError: getWindow
[18:39:10] [Thread-720/INFO]: [STDERR]: java.lang.NoSuchMethodError: getWindow
[18:39:10] [Thread-721/INFO]: [STDERR]: java.lang.NoSuchMethodError: getWindow
[18:39:10] [Thread-722/INFO]: [STDERR]: java.lang.NoSuchMethodError: getWindow
[18:39:10] [Thread-723/INFO]: [STDERR]: java.lang.NoSuchMethodError: getWindow
[18:39:10] [Thread-724/INFO]: [STDERR]: java.lang.NoSuchMethodError: getWindow
[18:39:10] [Thread-725/INFO]: [STDERR]: java.lang.NoSuchMethodError: getWindow
[18:39:10] [Thread-726/INFO]: [STDERR]: java.lang.NoSuchMethodError: getWindow
[18:39:10] [Thread-727/INFO]: [STDERR]: java.lang.NoSuchMethodError: getWindow
[18:39:10] [Thread-728/INFO]: [STDERR]: java.lang.NoSuchMethodError: getWindow
[18:39:11] [Thread-729/INFO]: [STDERR]: java.lang.NoSuchMethodError: getWindow
[18:39:11] [Thread-730/INFO]: [STDERR]: java.lang.NoSuchMethodError: getWindow
[18:39:11] [Thread-731/INFO]: [STDERR]: java.lang.NoSuchMethodError: getWindow
[18:39:11] [Thread-732/INFO]: [STDERR]: java.lang.NoSuchMethodError: getWindow
[18:39:11] [Thread-733/INFO]: [STDERR]: java.lang.NoSuchMethodError: getWindow
[18:39:11] [Thread-734/INFO]: [STDERR]: java.lang.NoSuchMethodError: getWindow
[18:39:11] [Thread-735/INFO]: [STDERR]: java.lang.NoSuchMethodError: getWindow
[18:39:11] [Thread-736/INFO]: [STDERR]: java.lang.NoSuchMethodError: getWindow
[18:39:11] [Thread-737/INFO]: [STDERR]: java.lang.NoSuchMethodError: getWindow
[18:39:11] [Thread-738/INFO]: [STDERR]: java.lang.NoSuchMethodError: getWindow
[18:39:11] [Thread-739/INFO]: [STDERR]: java.lang.NoSuchMethodError: getWindow
[18:39:11] [Thread-740/INFO]: [STDERR]: java.lang.NoSuchMethodError: getWindow
[18:39:11] [Thread-741/INFO]: [STDERR]: java.lang.NoSuchMethodError: getWindow
[18:39:11] [Thread-742/INFO]: [STDERR]: java.lang.NoSuchMethodError: getWindow
[18:39:12] [Thread-743/INFO]: [STDERR]: java.lang.NoSuchMethodError: getWindow
[18:39:12] [Thread-744/INFO]: [STDERR]: java.lang.NoSuchMethodError: getWindow
[18:39:12] [Render thread/INFO]: [CHAT] <Ifuto_mitai> Mod Loaderのテストに来た
[18:39:12] [Thread-745/INFO]: [STDERR]: java.lang.NoSuchMethodError: getWindow
[18:39:12] [Thread-746/INFO]: [STDERR]: java.lang.NoSuchMethodError: getWindow
[18:39:12] [Thread-747/INFO]: [STDERR]: java.lang.NoSuchMethodError: getWindow
[18:39:12] [Thread-748/INFO]: [STDERR]: java.lang.NoSuchMethodError: getWindow
[18:39:12] [Thread-749/INFO]: [STDERR]: java.lang.NoSuchMethodError: getWindow
[18:39:12] [Thread-750/INFO]: [STDERR]: java.lang.NoSuchMethodError: getWindow
[18:39:12] [Thread-751/INFO]: [STDERR]: java.lang.NoSuchMethodError: getWindow
[18:39:12] [Thread-752/INFO]: [STDERR]: java.lang.NoSuchMethodError: getWindow
[18:39:12] [Thread-753/INFO]: [STDERR]: java.lang.NoSuchMethodError: getWindow
[18:39:12] [Thread-754/INFO]: [STDERR]: java.lang.NoSuchMethodError: getWindow
[18:39:12] [Thread-755/INFO]: [STDERR]: java.lang.NoSuchMethodError: getWindow
[18:39:12] [Thread-756/INFO]: [STDERR]: java.lang.NoSuchMethodError: getWindow
[18:39:13] [Thread-757/INFO]: [STDERR]: java.lang.NoSuchMethodError: getWindow
[18:39:13] [Thread-758/INFO]: [STDERR]: java.lang.NoSuchMethodError: getWindow
[18:39:13] [Thread-759/INFO]: [STDERR]: java.lang.NoSuchMethodError: getWindow
[18:39:13] [Thread-760/INFO]: [STDERR]: java.lang.NoSuchMethodError: getWindow
[18:39:13] [Thread-761/INFO]: [STDERR]: java.lang.NoSuchMethodError: getWindow
[18:39:13] [Thread-762/INFO]: [STDERR]: java.lang.NoSuchMethodError: getWindow
[18:39:13] [Thread-763/INFO]: [STDERR]: java.lang.NoSuchMethodError: getWindow
[18:39:13] [Thread-764/INFO]: [STDERR]: java.lang.NoSuchMethodError: getWindow
[18:39:13] [Thread-765/INFO]: [STDERR]: java.lang.NoSuchMethodError: getWindow
[18:39:13] [Thread-766/INFO]: [STDERR]: java.lang.NoSuchMethodError: getWindow
[18:39:13] [Thread-767/INFO]: [STDERR]: java.lang.NoSuchMethodError: getWindow
[18:39:13] [Thread-768/INFO]: [STDERR]: java.lang.NoSuchMethodError: getWindow
[18:39:14] [Thread-769/INFO]: [STDERR]: java.lang.NoSuchMethodError: getWindow
[18:39:14] [Thread-770/INFO]: [STDERR]: java.lang.NoSuchMethodError: getWindow
[18:39:14] [Thread-771/INFO]: [STDERR]: java.lang.NoSuchMethodError: getWindow
[18:39:14] [Thread-772/INFO]: [STDERR]: java.lang.NoSuchMethodError: getWindow
[18:39:14] [Thread-773/INFO]: [STDERR]: java.lang.NoSuchMethodError: getWindow
[18:39:14] [Thread-774/INFO]: [STDERR]: java.lang.NoSuchMethodError: getWindow
[18:39:14] [Thread-775/INFO]: [STDERR]: java.lang.NoSuchMethodError: getWindow
[18:39:14] [Thread-776/INFO]: [STDERR]: java.lang.NoSuchMethodError: getWindow
[18:39:14] [Thread-777/INFO]: [STDERR]: java.lang.NoSuchMethodError: getWindow
[18:39:14] [Thread-778/INFO]: [STDERR]: java.lang.NoSuchMethodError: getWindow
[18:39:14] [Thread-779/INFO]: [STDERR]: java.lang.NoSuchMethodError: getWindow
[18:39:14] [Thread-780/INFO]: [STDERR]: java.lang.NoSuchMethodError: getWindow
[18:39:15] [Thread-781/INFO]: [STDERR]: java.lang.NoSuchMethodError: getWindow
[18:39:15] [Thread-782/INFO]: [STDERR]: java.lang.NoSuchMethodError: getWindow
[18:39:15] [Thread-783/INFO]: [STDERR]: java.lang.NoSuchMethodError: getWindow
[18:39:15] [Thread-784/INFO]: [STDERR]: java.lang.NoSuchMethodError: getWindow
[18:39:15] [Thread-785/INFO]: [STDERR]: java.lang.NoSuchMethodError: getWindow
[18:39:15] [Thread-786/INFO]: [STDERR]: java.lang.NoSuchMethodError: getWindow
[18:39:15] [Thread-787/INFO]: [STDERR]: java.lang.NoSuchMethodError: getWindow
[18:39:15] [Thread-788/INFO]: [STDERR]: java.lang.NoSuchMethodError: getWindow
[18:39:15] [Thread-789/INFO]: [STDERR]: java.lang.NoSuchMethodError: getWindow
[18:39:15] [Thread-790/INFO]: [STDERR]: java.lang.NoSuchMethodError: getWindow
[18:39:15] [Thread-791/INFO]: [STDERR]: java.lang.NoSuchMethodError: getWindow
[18:39:15] [Thread-792/INFO]: [STDERR]: java.lang.NoSuchMethodError: getWindow
[18:39:15] [Render thread/INFO]: [CHAT] <ml_Hika15> ane
[18:39:15] [Thread-793/INFO]: [STDERR]: java.lang.NoSuchMethodError: getWindow
[18:39:15] [Thread-794/INFO]: [STDERR]: java.lang.NoSuchMethodError: getWindow
[18:39:15] [Thread-795/INFO]: [STDERR]: java.lang.NoSuchMethodError: getWindow
[18:39:15] [Thread-796/INFO]: [STDERR]: java.lang.NoSuchMethodError: getWindow
[18:39:16] [Thread-797/INFO]: [STDERR]: java.lang.NoSuchMethodError: getWindow
[18:39:16] [Thread-798/INFO]: [STDERR]: java.lang.NoSuchMethodError: getWindow
[18:39:16] [Thread-799/INFO]: [STDERR]: java.lang.NoSuchMethodError: getWindow
[18:39:16] [Thread-800/INFO]: [STDERR]: java.lang.NoSuchMethodError: getWindow
[18:39:16] [Thread-801/INFO]: [STDERR]: java.lang.NoSuchMethodError: getWindow
[18:39:16] [Thread-802/INFO]: [STDERR]: java.lang.NoSuchMethodError: getWindow
[18:39:16] [Thread-803/INFO]: [STDERR]: java.lang.NoSuchMethodError: getWindow
[18:39:16] [Thread-804/INFO]: [STDERR]: java.lang.NoSuchMethodError: getWindow
[18:39:16] [Thread-805/INFO]: [STDERR]: java.lang.NoSuchMethodError: getWindow
[18:39:16] [Thread-806/INFO]: [STDERR]: java.lang.NoSuchMethodError: getWindow
[18:39:16] [Thread-807/INFO]: [STDERR]: java.lang.NoSuchMethodError: getWindow
[18:39:16] [Thread-808/INFO]: [STDERR]: java.lang.NoSuchMethodError: getWindow
[18:39:17] [Thread-809/INFO]: [STDERR]: java.lang.NoSuchMethodError: getWindow
[18:39:17] [Thread-810/INFO]: [STDERR]: java.lang.NoSuchMethodError: getWindow
[18:39:17] [Thread-811/INFO]: [STDERR]: java.lang.NoSuchMethodError: getWindow
[18:39:17] [Thread-812/INFO]: [STDERR]: java.lang.NoSuchMethodError: getWindow
[18:39:17] [Thread-813/INFO]: [STDERR]: java.lang.NoSuchMethodError: getWindow
[18:39:17] [Thread-814/INFO]: [STDERR]: java.lang.NoSuchMethodError: getWindow
[18:39:17] [Thread-815/INFO]: [STDERR]: java.lang.NoSuchMethodError: getWindow
[18:39:17] [Thread-816/INFO]: [STDERR]: java.lang.NoSuchMethodError: getWindow
[18:39:17] [Thread-817/INFO]: [STDERR]: java.lang.NoSuchMethodError: getWindow
[18:39:17] [Thread-818/INFO]: [STDERR]: java.lang.NoSuchMethodError: getWindow
[18:39:17] [Thread-819/INFO]: [STDERR]: java.lang.NoSuchMethodError: getWindow
[18:39:17] [Thread-820/INFO]: [STDERR]: java.lang.NoSuchMethodError: getWindow
[18:39:18] [Thread-821/INFO]: [STDERR]: java.lang.NoSuchMethodError: getWindow
[18:39:18] [Thread-822/INFO]: [STDERR]: java.lang.NoSuchMethodError: getWindow
[18:39:18] [Thread-823/INFO]: [STDERR]: java.lang.NoSuchMethodError: getWindow
[18:39:18] [Thread-824/INFO]: [STDERR]: java.lang.NoSuchMethodError: getWindow
[18:39:18] [Thread-825/INFO]: [STDERR]: java.lang.NoSuchMethodError: getWindow
[18:39:18] [Thread-826/INFO]: [STDERR]: java.lang.NoSuchMethodError: getWindow
[18:39:18] [Thread-827/INFO]: [STDERR]: java.lang.NoSuchMethodError: getWindow
[18:39:18] [Thread-828/INFO]: [STDERR]: java.lang.NoSuchMethodError: getWindow
[18:39:18] [Thread-829/INFO]: [STDERR]: java.lang.NoSuchMethodError: getWindow
[18:39:18] [Thread-830/INFO]: [STDERR]: java.lang.NoSuchMethodError: getWindow
[18:39:18] [Thread-831/INFO]: [STDERR]: java.lang.NoSuchMethodError: getWindow
[18:39:18] [Thread-832/INFO]: [STDERR]: java.lang.NoSuchMethodError: getWindow
[18:39:19] [Thread-833/INFO]: [STDERR]: java.lang.NoSuchMethodError: getWindow
[18:39:19] [Thread-834/INFO]: [STDERR]: java.lang.NoSuchMethodError: getWindow
[18:39:19] [Thread-835/INFO]: [STDERR]: java.lang.NoSuchMethodError: getWindow
[18:39:19] [Thread-836/INFO]: [STDERR]: java.lang.NoSuchMethodError: getWindow
[18:39:19] [Thread-837/INFO]: [STDERR]: java.lang.NoSuchMethodError: getWindow
[18:39:19] [Thread-838/INFO]: [STDERR]: java.lang.NoSuchMethodError: getWindow
[18:39:19] [Thread-839/INFO]: [STDERR]: java.lang.NoSuchMethodError: getWindow
[18:39:19] [Thread-840/INFO]: [STDERR]: java.lang.NoSuchMethodError: getWindow
[18:39:19] [Thread-841/INFO]: [STDERR]: java.lang.NoSuchMethodError: getWindow
[18:39:19] [Thread-842/INFO]: [STDERR]: java.lang.NoSuchMethodError: getWindow
[18:39:19] [Thread-843/INFO]: [STDERR]: java.lang.NoSuchMethodError: getWindow
[18:39:19] [Thread-844/INFO]: [STDERR]: java.lang.NoSuchMethodError: getWindow
[18:39:19] [Thread-845/INFO]: [STDERR]: java.lang.NoSuchMethodError: getWindow
[18:39:19] [Thread-846/INFO]: [STDERR]: java.lang.NoSuchMethodError: getWindow
[18:39:19] [Thread-847/INFO]: [STDERR]: java.lang.NoSuchMethodError: getWindow
[18:39:19] [Thread-848/INFO]: [STDERR]: java.lang.NoSuchMethodError: getWindow
[18:39:20] [Thread-849/INFO]: [STDERR]: java.lang.NoSuchMethodError: getWindow
[18:39:20] [Thread-850/INFO]: [STDERR]: java.lang.NoSuchMethodError: getWindow
[18:39:20] [Thread-851/INFO]: [STDERR]: java.lang.NoSuchMethodError: getWindow
[18:39:20] [Thread-852/INFO]: [STDERR]: java.lang.NoSuchMethodError: getWindow
[18:39:20] [Thread-853/INFO]: [STDERR]: java.lang.NoSuchMethodError: getWindow
[18:39:20] [Thread-854/INFO]: [STDERR]: java.lang.NoSuchMethodError: getWindow
[18:39:20] [Thread-855/INFO]: [STDERR]: java.lang.NoSuchMethodError: getWindow
[18:39:20] [Thread-856/INFO]: [STDERR]: java.lang.NoSuchMethodError: getWindow
[18:39:20] [Thread-857/INFO]: [STDERR]: java.lang.NoSuchMethodError: getWindow
[18:39:20] [Thread-858/INFO]: [STDERR]: java.lang.NoSuchMethodError: getWindow
[18:39:20] [Thread-859/INFO]: [STDERR]: java.lang.NoSuchMethodError: getWindow
[18:39:20] [Thread-860/INFO]: [STDERR]: java.lang.NoSuchMethodError: getWindow
[18:39:21] [Thread-861/INFO]: [STDERR]: java.lang.NoSuchMethodError: getWindow
[18:39:21] [Thread-862/INFO]: [STDERR]: java.lang.NoSuchMethodError: getWindow
[18:39:21] [Thread-863/INFO]: [STDERR]: java.lang.NoSuchMethodError: getWindow
[18:39:21] [Thread-864/INFO]: [STDERR]: java.lang.NoSuchMethodError: getWindow
[18:39:21] [Thread-865/INFO]: [STDERR]: java.lang.NoSuchMethodError: getWindow
[18:39:21] [Thread-866/INFO]: [STDERR]: java.lang.NoSuchMethodError: getWindow
[18:39:21] [Thread-867/INFO]: [STDERR]: java.lang.NoSuchMethodError: getWindow
[18:39:21] [Thread-868/INFO]: [STDERR]: java.lang.NoSuchMethodError: getWindow
[18:39:21] [Thread-869/INFO]: [STDERR]: java.lang.NoSuchMethodError: getWindow
[18:39:21] [Thread-870/INFO]: [STDERR]: java.lang.NoSuchMethodError: getWindow
[18:39:21] [Thread-871/INFO]: [STDERR]: java.lang.NoSuchMethodError: getWindow
[18:39:21] [Thread-872/INFO]: [STDERR]: java.lang.NoSuchMethodError: getWindow
[18:39:22] [Thread-873/INFO]: [STDERR]: java.lang.NoSuchMethodError: getWindow
[18:39:22] [Thread-874/INFO]: [STDERR]: java.lang.NoSuchMethodError: getWindow
[18:39:22] [Thread-875/INFO]: [STDERR]: java.lang.NoSuchMethodError: getWindow
[18:39:22] [Thread-876/INFO]: [STDERR]: java.lang.NoSuchMethodError: getWindow
[18:39:22] [Render thread/INFO]: [CHAT] <Ifuto_mitai> またまたバグってます
[18:39:22] [Thread-877/INFO]: [STDERR]: java.lang.NoSuchMethodError: getWindow
[18:39:22] [Thread-878/INFO]: [STDERR]: java.lang.NoSuchMethodError: getWindow
[18:39:22] [Thread-879/INFO]: [STDERR]: java.lang.NoSuchMethodError: getWindow
[18:39:22] [Thread-880/INFO]: [STDERR]: java.lang.NoSuchMethodError: getWindow
[18:39:22] [Thread-881/INFO]: [STDERR]: java.lang.NoSuchMethodError: getWindow
[18:39:22] [Thread-882/INFO]: [STDERR]: java.lang.NoSuchMethodError: getWindow
[18:39:22] [Thread-883/INFO]: [STDERR]: java.lang.NoSuchMethodError: getWindow
[18:39:22] [Thread-884/INFO]: [STDERR]: java.lang.NoSuchMethodError: getWindow
[18:39:22] [Thread-885/INFO]: [STDERR]: java.lang.NoSuchMethodError: getWindow
[18:39:23] [Thread-886/INFO]: [STDERR]: java.lang.NoSuchMethodError: getWindow
[18:39:23] [Thread-887/INFO]: [STDERR]: java.lang.NoSuchMethodError: getWindow
[18:39:23] [Thread-888/INFO]: [STDERR]: java.lang.NoSuchMethodError: getWindow
[18:39:23] [Thread-889/INFO]: [STDERR]: java.lang.NoSuchMethodError: getWindow
[18:39:23] [Thread-890/INFO]: [STDERR]: java.lang.NoSuchMethodError: getWindow
[18:39:23] [Thread-891/INFO]: [STDERR]: java.lang.NoSuchMethodError: getWindow
[18:39:23] [Render thread/INFO]: [CHAT] <Ifuto_mitai> bye
[18:39:23] [Thread-892/INFO]: [STDERR]: java.lang.NoSuchMethodError: getWindow
[18:39:23] [Thread-893/INFO]: [STDERR]: java.lang.NoSuchMethodError: getWindow
[18:39:23] [Thread-894/INFO]: [STDERR]: java.lang.NoSuchMethodError: getWindow
[18:39:23] [Thread-895/INFO]: [STDERR]: java.lang.NoSuchMethodError: getWindow
[18:39:23] [Thread-896/INFO]: [STDERR]: java.lang.NoSuchMethodError: getWindow
[18:39:23] [Render thread/WARN]: Unable to play empty soundEvent: minecraft:entity.salmon.ambient
[18:39:23] [Thread-897/INFO]: [STDERR]: java.lang.NoSuchMethodError: getWindow
[18:39:23] [Thread-898/INFO]: [STDERR]: java.lang.NoSuchMethodError: getWindow
[18:39:23] [Thread-899/INFO]: [STDERR]: java.lang.NoSuchMethodError: getWindow
[18:39:23] [Thread-900/INFO]: [STDERR]: java.lang.NoSuchMethodError: getWindow
[18:39:24] [Thread-901/INFO]: [STDERR]: java.lang.NoSuchMethodError: getWindow
[18:39:24] [Thread-902/INFO]: [STDERR]: java.lang.NoSuchMethodError: getWindow
[18:39:24] [Thread-903/INFO]: [STDERR]: java.lang.NoSuchMethodError: getWindow
[18:39:24] [Thread-904/INFO]: [STDERR]: java.lang.NoSuchMethodError: getWindow
[18:39:24] [Thread-905/INFO]: [STDERR]: java.lang.NoSuchMethodError: getWindow
[18:39:24] [Thread-906/INFO]: [STDERR]: java.lang.NoSuchMethodError: getWindow
[18:39:24] [Thread-907/INFO]: [STDERR]: java.lang.NoSuchMethodError: getWindow
[18:39:24] [Thread-908/INFO]: [STDERR]: java.lang.NoSuchMethodError: getWindow
[18:39:24] [Thread-909/INFO]: [STDERR]: java.lang.NoSuchMethodError: getWindow
[18:39:24] [Thread-910/INFO]: [STDERR]: java.lang.NoSuchMethodError: getWindow
[18:39:24] [Thread-911/INFO]: [STDERR]: java.lang.NoSuchMethodError: getWindow
[18:39:24] [Thread-912/INFO]: [STDERR]: java.lang.NoSuchMethodError: getWindow
[18:39:25] [Thread-913/INFO]: [STDERR]: java.lang.NoSuchMethodError: getWindow
[18:39:25] [Thread-914/INFO]: [STDERR]: java.lang.NoSuchMethodError: getWindow
[18:39:25] [Thread-915/INFO]: [STDERR]: java.lang.NoSuchMethodError: getWindow
[18:39:25] [Thread-916/INFO]: [STDERR]: java.lang.NoSuchMethodError: getWindow
[18:39:25] [Thread-917/INFO]: [STDERR]: java.lang.NoSuchMethodError: getWindow
[18:39:25] [Thread-918/INFO]: [STDERR]: java.lang.NoSuchMethodError: getWindow
[18:39:25] [Thread-919/INFO]: [STDERR]: java.lang.NoSuchMethodError: getWindow
[18:39:25] [Thread-920/INFO]: [STDERR]: java.lang.NoSuchMethodError: getWindow
[18:39:25] [Thread-921/INFO]: [STDERR]: java.lang.NoSuchMethodError: getWindow
[18:39:25] [Thread-922/INFO]: [STDERR]: java.lang.NoSuchMethodError: getWindow
[18:39:25] [Thread-923/INFO]: [STDERR]: java.lang.NoSuchMethodError: getWindow
[18:39:25] [Thread-924/INFO]: [STDERR]: java.lang.NoSuchMethodError: getWindow
[18:39:26] [Thread-925/INFO]: [STDERR]: java.lang.NoSuchMethodError: getWindow
[18:39:26] [Thread-926/INFO]: [STDERR]: java.lang.NoSuchMethodError: getWindow
[18:39:26] [Thread-927/INFO]: [STDERR]: java.lang.NoSuchMethodError: getWindow
[18:39:26] [Thread-928/INFO]: [STDERR]: java.lang.NoSuchMethodError: getWindow
[18:39:26] [Thread-929/INFO]: [STDERR]: java.lang.NoSuchMethodError: getWindow
[18:39:26] [Thread-930/INFO]: [STDERR]: java.lang.NoSuchMethodError: getWindow
[18:39:26] [Thread-931/INFO]: [STDERR]: java.lang.NoSuchMethodError: getWindow
[18:39:26] [Thread-932/INFO]: [STDERR]: java.lang.NoSuchMethodError: getWindow
[18:39:26] [Thread-933/INFO]: [STDERR]: java.lang.NoSuchMethodError: getWindow
[18:39:26] [Thread-934/INFO]: [STDERR]: java.lang.NoSuchMethodError: getWindow
[18:39:26] [Thread-935/INFO]: [STDERR]: java.lang.NoSuchMethodError: getWindow
[18:39:26] [Thread-936/INFO]: [STDERR]: java.lang.NoSuchMethodError: getWindow
[18:39:26] [Thread-937/INFO]: [STDERR]: java.lang.NoSuchMethodError: getWindow
[18:39:26] [Thread-938/INFO]: [STDERR]: java.lang.NoSuchMethodError: getWindow
[18:39:26] [Thread-939/INFO]: [STDERR]: java.lang.NoSuchMethodError: getWindow
[18:39:27] [Thread-940/INFO]: [STDERR]: java.lang.NoSuchMethodError: getWindow
[18:39:27] [Thread-941/INFO]: [STDERR]: java.lang.NoSuchMethodError: getWindow
[18:39:27] [Thread-942/INFO]: [STDERR]: java.lang.NoSuchMethodError: getWindow
[18:39:27] [Thread-943/INFO]: [STDERR]: java.lang.NoSuchMethodError: getWindow
[18:39:27] [Thread-944/INFO]: [STDERR]: java.lang.NoSuchMethodError: getWindow
[18:39:27] [Thread-945/INFO]: [STDERR]: java.lang.NoSuchMethodError: getWindow
[18:39:27] [Thread-946/INFO]: [STDERR]: java.lang.NoSuchMethodError: getWindow
[18:39:27] [Thread-947/INFO]: [STDERR]: java.lang.NoSuchMethodError: getWindow
[18:39:27] [Thread-948/INFO]: [STDERR]: java.lang.NoSuchMethodError: getWindow
[18:39:27] [Thread-949/INFO]: [STDERR]: java.lang.NoSuchMethodError: getWindow
[18:39:27] [Thread-950/INFO]: [STDERR]: java.lang.NoSuchMethodError: getWindow
[18:39:27] [Thread-951/INFO]: [STDERR]: java.lang.NoSuchMethodError: getWindow
[18:39:27] [Thread-952/INFO]: [STDERR]: java.lang.NoSuchMethodError: getWindow
[18:39:28] [Thread-953/INFO]: [STDERR]: java.lang.NoSuchMethodError: getWindow
[18:39:28] [Thread-954/INFO]: [STDERR]: java.lang.NoSuchMethodError: getWindow
[18:39:28] [Thread-955/INFO]: [STDERR]: java.lang.NoSuchMethodError: getWindow
[18:39:28] [Thread-956/INFO]: [STDERR]: java.lang.NoSuchMethodError: getWindow
[18:39:28] [Render thread/INFO]: [CHAT] <ml_Hika15> bye
[18:39:28] [Thread-957/INFO]: [STDERR]: java.lang.NoSuchMethodError: getWindow
[18:39:28] [Thread-958/INFO]: [STDERR]: java.lang.NoSuchMethodError: getWindow
[18:39:28] [Thread-959/INFO]: [STDERR]: java.lang.NoSuchMethodError: getWindow
[18:39:28] [Thread-960/INFO]: [STDERR]: java.lang.NoSuchMethodError: getWindow
[18:39:28] [Thread-961/INFO]: [STDERR]: java.lang.NoSuchMethodError: getWindow
[18:39:28] [Thread-963/INFO]: [STDERR]: java.lang.NoSuchMethodError: getWindow
[18:39:28] [Thread-964/INFO]: [STDERR]: java.lang.NoSuchMethodError: getWindow
[18:39:28] [Thread-965/INFO]: [STDERR]: java.lang.NoSuchMethodError: getWindow
[18:39:29] [Thread-966/INFO]: [STDERR]: java.lang.NoSuchMethodError: getWindow
[18:39:29] [Thread-967/INFO]: [STDERR]: java.lang.NoSuchMethodError: getWindow
[18:39:29] [Thread-968/INFO]: [STDERR]: java.lang.NoSuchMethodError: getWindow
[18:39:29] [Thread-969/INFO]: [STDERR]: java.lang.NoSuchMethodError: getWindow
[18:39:29] [Thread-970/INFO]: [STDERR]: java.lang.NoSuchMethodError: getWindow
[18:39:29] [Thread-971/INFO]: [STDERR]: java.lang.NoSuchMethodError: getWindow
[18:39:29] [Thread-972/INFO]: [STDERR]: java.lang.NoSuchMethodError: getWindow
[18:39:29] [Thread-973/INFO]: [STDERR]: java.lang.NoSuchMethodError: getWindow
[18:39:29] [Thread-974/INFO]: [STDERR]: java.lang.NoSuchMethodError: getWindow
[18:39:29] [Thread-975/INFO]: [STDERR]: java.lang.NoSuchMethodError: getWindow
[18:39:29] [Thread-976/INFO]: [STDERR]: java.lang.NoSuchMethodError: getWindow
[18:39:29] [Thread-977/INFO]: [STDERR]: java.lang.NoSuchMethodError: getWindow
[18:39:30] [Thread-978/INFO]: [STDERR]: java.lang.NoSuchMethodError: getWindow
[18:39:30] [Thread-979/INFO]: [STDERR]: java.lang.NoSuchMethodError: getWindow
[18:39:30] [Thread-980/INFO]: [STDERR]: java.lang.NoSuchMethodError: getWindow
[18:39:30] [Thread-981/INFO]: [STDERR]: java.lang.NoSuchMethodError: getWindow
[18:39:30] [Render thread/INFO]: Stopping!
[18:39:30] [Thread-984/INFO]: [STDERR]: java.lang.NoSuchMethodError: getWindow
[18:39:30] [Thread-985/INFO]: [STDERR]: java.lang.NoSuchMethodError: getWindow
[18:39:30] [Thread-986/INFO]: [STDERR]: java.lang.NoSuchMethodError: getWindow
[18:39:30] [Thread-987/INFO]: [STDERR]: java.lang.NoSuchMethodError: getWindow
